Archive member included to satisfy reference by file (symbol)

c:/st/stm32cubeide_1.8.0/stm32cubeide/plugins/com.st.stm32cube.ide.mcu.externaltools.gnu-tools-for-stm32.9-2020-q2-update.win32_2.0.0.202105311346/tools/bin/../lib/gcc/arm-none-eabi/9.3.1/../../../../arm-none-eabi/lib/thumb/v7e-m+fp/hard\libc_nano.a(lib_a-errno.o)
                              ./Core/Src/syscalls.o (__errno)
c:/st/stm32cubeide_1.8.0/stm32cubeide/plugins/com.st.stm32cube.ide.mcu.externaltools.gnu-tools-for-stm32.9-2020-q2-update.win32_2.0.0.202105311346/tools/bin/../lib/gcc/arm-none-eabi/9.3.1/../../../../arm-none-eabi/lib/thumb/v7e-m+fp/hard\libc_nano.a(lib_a-exit.o)
                              c:/st/stm32cubeide_1.8.0/stm32cubeide/plugins/com.st.stm32cube.ide.mcu.externaltools.gnu-tools-for-stm32.9-2020-q2-update.win32_2.0.0.202105311346/tools/bin/../lib/gcc/arm-none-eabi/9.3.1/../../../../arm-none-eabi/lib/thumb/v7e-m+fp/hard/crt0.o (exit)
c:/st/stm32cubeide_1.8.0/stm32cubeide/plugins/com.st.stm32cube.ide.mcu.externaltools.gnu-tools-for-stm32.9-2020-q2-update.win32_2.0.0.202105311346/tools/bin/../lib/gcc/arm-none-eabi/9.3.1/../../../../arm-none-eabi/lib/thumb/v7e-m+fp/hard\libc_nano.a(lib_a-findfp.o)
                              ./Middlewares/Third_Party/FreeRTOS/Source/tasks.o (__sf_fake_stderr)
c:/st/stm32cubeide_1.8.0/stm32cubeide/plugins/com.st.stm32cube.ide.mcu.externaltools.gnu-tools-for-stm32.9-2020-q2-update.win32_2.0.0.202105311346/tools/bin/../lib/gcc/arm-none-eabi/9.3.1/../../../../arm-none-eabi/lib/thumb/v7e-m+fp/hard\libc_nano.a(lib_a-fwalk.o)
                              c:/st/stm32cubeide_1.8.0/stm32cubeide/plugins/com.st.stm32cube.ide.mcu.externaltools.gnu-tools-for-stm32.9-2020-q2-update.win32_2.0.0.202105311346/tools/bin/../lib/gcc/arm-none-eabi/9.3.1/../../../../arm-none-eabi/lib/thumb/v7e-m+fp/hard\libc_nano.a(lib_a-findfp.o) (_fwalk)
c:/st/stm32cubeide_1.8.0/stm32cubeide/plugins/com.st.stm32cube.ide.mcu.externaltools.gnu-tools-for-stm32.9-2020-q2-update.win32_2.0.0.202105311346/tools/bin/../lib/gcc/arm-none-eabi/9.3.1/../../../../arm-none-eabi/lib/thumb/v7e-m+fp/hard\libc_nano.a(lib_a-impure.o)
                              c:/st/stm32cubeide_1.8.0/stm32cubeide/plugins/com.st.stm32cube.ide.mcu.externaltools.gnu-tools-for-stm32.9-2020-q2-update.win32_2.0.0.202105311346/tools/bin/../lib/gcc/arm-none-eabi/9.3.1/../../../../arm-none-eabi/lib/thumb/v7e-m+fp/hard\libc_nano.a(lib_a-exit.o) (_global_impure_ptr)
c:/st/stm32cubeide_1.8.0/stm32cubeide/plugins/com.st.stm32cube.ide.mcu.externaltools.gnu-tools-for-stm32.9-2020-q2-update.win32_2.0.0.202105311346/tools/bin/../lib/gcc/arm-none-eabi/9.3.1/../../../../arm-none-eabi/lib/thumb/v7e-m+fp/hard\libc_nano.a(lib_a-init.o)
                              c:/st/stm32cubeide_1.8.0/stm32cubeide/plugins/com.st.stm32cube.ide.mcu.externaltools.gnu-tools-for-stm32.9-2020-q2-update.win32_2.0.0.202105311346/tools/bin/../lib/gcc/arm-none-eabi/9.3.1/../../../../arm-none-eabi/lib/thumb/v7e-m+fp/hard/crt0.o (__libc_init_array)
c:/st/stm32cubeide_1.8.0/stm32cubeide/plugins/com.st.stm32cube.ide.mcu.externaltools.gnu-tools-for-stm32.9-2020-q2-update.win32_2.0.0.202105311346/tools/bin/../lib/gcc/arm-none-eabi/9.3.1/../../../../arm-none-eabi/lib/thumb/v7e-m+fp/hard\libc_nano.a(lib_a-malloc.o)
                              ./Core/ThreadSafe/newlib_lock_glue.o (malloc)
c:/st/stm32cubeide_1.8.0/stm32cubeide/plugins/com.st.stm32cube.ide.mcu.externaltools.gnu-tools-for-stm32.9-2020-q2-update.win32_2.0.0.202105311346/tools/bin/../lib/gcc/arm-none-eabi/9.3.1/../../../../arm-none-eabi/lib/thumb/v7e-m+fp/hard\libc_nano.a(lib_a-memcpy-stub.o)
                              ./Middlewares/Third_Party/FreeRTOS/Source/queue.o (memcpy)
c:/st/stm32cubeide_1.8.0/stm32cubeide/plugins/com.st.stm32cube.ide.mcu.externaltools.gnu-tools-for-stm32.9-2020-q2-update.win32_2.0.0.202105311346/tools/bin/../lib/gcc/arm-none-eabi/9.3.1/../../../../arm-none-eabi/lib/thumb/v7e-m+fp/hard\libc_nano.a(lib_a-memset.o)
                              c:/st/stm32cubeide_1.8.0/stm32cubeide/plugins/com.st.stm32cube.ide.mcu.externaltools.gnu-tools-for-stm32.9-2020-q2-update.win32_2.0.0.202105311346/tools/bin/../lib/gcc/arm-none-eabi/9.3.1/../../../../arm-none-eabi/lib/thumb/v7e-m+fp/hard/crt0.o (memset)
c:/st/stm32cubeide_1.8.0/stm32cubeide/plugins/com.st.stm32cube.ide.mcu.externaltools.gnu-tools-for-stm32.9-2020-q2-update.win32_2.0.0.202105311346/tools/bin/../lib/gcc/arm-none-eabi/9.3.1/../../../../arm-none-eabi/lib/thumb/v7e-m+fp/hard\libc_nano.a(lib_a-nano-freer.o)
                              c:/st/stm32cubeide_1.8.0/stm32cubeide/plugins/com.st.stm32cube.ide.mcu.externaltools.gnu-tools-for-stm32.9-2020-q2-update.win32_2.0.0.202105311346/tools/bin/../lib/gcc/arm-none-eabi/9.3.1/../../../../arm-none-eabi/lib/thumb/v7e-m+fp/hard\libc_nano.a(lib_a-malloc.o) (_free_r)
[...]
Memory Configuration

Name             Origin             Length             Attributes
CCMRAM           0x0000000010000000 0x0000000000010000 xrw
RAM              0x0000000020000000 0x0000000000020000 xrw
FLASH            0x0000000008000000 0x0000000000100000 xr
*default*        0x0000000000000000 0xffffffffffffffff

Linker script and memory map

LOAD c:/st/stm32cubeide_1.8.0/stm32cubeide/plugins/com.st.stm32cube.ide.mcu.externaltools.gnu-tools-for-stm32.9-2020-q2-update.win32_2.0.0.202105311346/tools/bin/../lib/gcc/arm-none-eabi/9.3.1/thumb/v7e-m+fp/hard/crti.o
LOAD c:/st/stm32cubeide_1.8.0/stm32cubeide/plugins/com.st.stm32cube.ide.mcu.externaltools.gnu-tools-for-stm32.9-2020-q2-update.win32_2.0.0.202105311346/tools/bin/../lib/gcc/arm-none-eabi/9.3.1/thumb/v7e-m+fp/hard/crtbegin.o
LOAD c:/st/stm32cubeide_1.8.0/stm32cubeide/plugins/com.st.stm32cube.ide.mcu.externaltools.gnu-tools-for-stm32.9-2020-q2-update.win32_2.0.0.202105311346/tools/bin/../lib/gcc/arm-none-eabi/9.3.1/../../../../arm-none-eabi/lib/thumb/v7e-m+fp/hard/crt0.o
LOAD ./Core/Src/freertos.o
LOAD ./Core/Src/main.o
LOAD ./Core/Src/stm32f4xx_hal_msp.o
LOAD ./Core/Src/stm32f4xx_hal_timebase_tim.o
LOAD ./Core/Src/stm32f4xx_it.o
LOAD ./Core/Src/syscalls.o
LOAD ./Core/Src/sysmem.o
LOAD ./Core/Src/system_stm32f4xx.o
LOAD ./Core/Startup/startup_stm32f407vgtx.o
LOAD ./Core/ThreadSafe/newlib_lock_glue.o
LOAD ./Drivers/STM32F4xx_HAL_Driver/Src/stm32f4xx_hal.o
LOAD ./Drivers/STM32F4xx_HAL_Driver/Src/stm32f4xx_hal_cortex.o
LOAD ./Drivers/STM32F4xx_HAL_Driver/Src/stm32f4xx_hal_dma.o
LOAD ./Drivers/STM32F4xx_HAL_Driver/Src/stm32f4xx_hal_dma_ex.o
LOAD ./Drivers/STM32F4xx_HAL_Driver/Src/stm32f4xx_hal_exti.o
LOAD ./Drivers/STM32F4xx_HAL_Driver/Src/stm32f4xx_hal_flash.o
LOAD ./Drivers/STM32F4xx_HAL_Driver/Src/stm32f4xx_hal_flash_ex.o
LOAD ./Drivers/STM32F4xx_HAL_Driver/Src/stm32f4xx_hal_flash_ramfunc.o
LOAD ./Drivers/STM32F4xx_HAL_Driver/Src/stm32f4xx_hal_gpio.o
LOAD ./Drivers/STM32F4xx_HAL_Driver/Src/stm32f4xx_hal_pwr.o
LOAD ./Drivers/STM32F4xx_HAL_Driver/Src/stm32f4xx_hal_pwr_ex.o
LOAD ./Drivers/STM32F4xx_HAL_Driver/Src/stm32f4xx_hal_rcc.o
LOAD ./Drivers/STM32F4xx_HAL_Driver/Src/stm32f4xx_hal_rcc_ex.o
LOAD ./Drivers/STM32F4xx_HAL_Driver/Src/stm32f4xx_hal_tim.o
LOAD ./Drivers/STM32F4xx_HAL_Driver/Src/stm32f4xx_hal_tim_ex.o
LOAD ./Middlewares/Third_Party/FreeRTOS/Source/CMSIS_RTOS/cmsis_os.o
LOAD ./Middlewares/Third_Party/FreeRTOS/Source/croutine.o
LOAD ./Middlewares/Third_Party/FreeRTOS/Source/event_groups.o
LOAD ./Middlewares/Third_Party/FreeRTOS/Source/list.o
LOAD ./Middlewares/Third_Party/FreeRTOS/Source/queue.o
LOAD ./Middlewares/Third_Party/FreeRTOS/Source/stream_buffer.o
LOAD ./Middlewares/Third_Party/FreeRTOS/Source/tasks.o
LOAD ./Middlewares/Third_Party/FreeRTOS/Source/timers.o
LOAD ./Middlewares/Third_Party/FreeRTOS/Source/portable/GCC/ARM_CM4F/port.o
LOAD ./Middlewares/Third_Party/FreeRTOS/Source/portable/MemMang/heap_4.o
START GROUP
LOAD c:/st/stm32cubeide_1.8.0/stm32cubeide/plugins/com.st.stm32cube.ide.mcu.externaltools.gnu-tools-for-stm32.9-2020-q2-update.win32_2.0.0.202105311346/tools/bin/../lib/gcc/arm-none-eabi/9.3.1/../../../../arm-none-eabi/lib/thumb/v7e-m+fp/hard\libc_nano.a
LOAD c:/st/stm32cubeide_1.8.0/stm32cubeide/plugins/com.st.stm32cube.ide.mcu.externaltools.gnu-tools-for-stm32.9-2020-q2-update.win32_2.0.0.202105311346/tools/bin/../lib/gcc/arm-none-eabi/9.3.1/../../../../arm-none-eabi/lib/thumb/v7e-m+fp/hard\libm.a
END GROUP
START GROUP
LOAD c:/st/stm32cubeide_1.8.0/stm32cubeide/plugins/com.st.stm32cube.ide.mcu.externaltools.gnu-tools-for-stm32.9-2020-q2-update.win32_2.0.0.202105311346/tools/bin/../lib/gcc/arm-none-eabi/9.3.1/thumb/v7e-m+fp/hard\libgcc.a
LOAD c:/st/stm32cubeide_1.8.0/stm32cubeide/plugins/com.st.stm32cube.ide.mcu.externaltools.gnu-tools-for-stm32.9-2020-q2-update.win32_2.0.0.202105311346/tools/bin/../lib/gcc/arm-none-eabi/9.3.1/../../../../arm-none-eabi/lib/thumb/v7e-m+fp/hard\libc_nano.a
END GROUP
START GROUP
LOAD c:/st/stm32cubeide_1.8.0/stm32cubeide/plugins/com.st.stm32cube.ide.mcu.externaltools.gnu-tools-for-stm32.9-2020-q2-update.win32_2.0.0.202105311346/tools/bin/../lib/gcc/arm-none-eabi/9.3.1/thumb/v7e-m+fp/hard\libgcc.a
LOAD c:/st/stm32cubeide_1.8.0/stm32cubeide/plugins/com.st.stm32cube.ide.mcu.externaltools.gnu-tools-for-stm32.9-2020-q2-update.win32_2.0.0.202105311346/tools/bin/../lib/gcc/arm-none-eabi/9.3.1/../../../../arm-none-eabi/lib/thumb/v7e-m+fp/hard\libc_nano.a
LOAD c:/st/stm32cubeide_1.8.0/stm32cubeide/plugins/com.st.stm32cube.ide.mcu.externaltools.gnu-tools-for-stm32.9-2020-q2-update.win32_2.0.0.202105311346/tools/bin/../lib/gcc/arm-none-eabi/9.3.1/../../../../arm-none-eabi/lib/thumb/v7e-m+fp/hard\libnosys.a
END GROUP
START GROUP
LOAD c:/st/stm32cubeide_1.8.0/stm32cubeide/plugins/com.st.stm32cube.ide.mcu.externaltools.gnu-tools-for-stm32.9-2020-q2-update.win32_2.0.0.202105311346/tools/bin/../lib/gcc/arm-none-eabi/9.3.1/thumb/v7e-m+fp/hard\libgcc.a
LOAD c:/st/stm32cubeide_1.8.0/stm32cubeide/plugins/com.st.stm32cube.ide.mcu.externaltools.gnu-tools-for-stm32.9-2020-q2-update.win32_2.0.0.202105311346/tools/bin/../lib/gcc/arm-none-eabi/9.3.1/../../../../arm-none-eabi/lib/thumb/v7e-m+fp/hard\libc_nano.a
LOAD c:/st/stm32cubeide_1.8.0/stm32cubeide/plugins/com.st.stm32cube.ide.mcu.externaltools.gnu-tools-for-stm32.9-2020-q2-update.win32_2.0.0.202105311346/tools/bin/../lib/gcc/arm-none-eabi/9.3.1/../../../../arm-none-eabi/lib/thumb/v7e-m+fp/hard\libnosys.a
END GROUP
LOAD c:/st/stm32cubeide_1.8.0/stm32cubeide/plugins/com.st.stm32cube.ide.mcu.externaltools.gnu-tools-for-stm32.9-2020-q2-update.win32_2.0.0.202105311346/tools/bin/../lib/gcc/arm-none-eabi/9.3.1/thumb/v7e-m+fp/hard/crtend.o
LOAD c:/st/stm32cubeide_1.8.0/stm32cubeide/plugins/com.st.stm32cube.ide.mcu.externaltools.gnu-tools-for-stm32.9-2020-q2-update.win32_2.0.0.202105311346/tools/bin/../lib/gcc/arm-none-eabi/9.3.1/thumb/v7e-m+fp/hard/crtn.o
                0x0000000020020000                _estack = (ORIGIN (RAM) + LENGTH (RAM))
                0x0000000000000200                _Min_Heap_Size = 0x200
                0x0000000000000400                _Min_Stack_Size = 0x400

.isr_vector     0x0000000008000000      0x188
                0x0000000008000000                . = ALIGN (0x4)
 *(.isr_vector)
 .isr_vector    0x0000000008000000      0x188 ./Core/Startup/startup_stm32f407vgtx.o
                0x0000000008000000                g_pfnVectors
                0x0000000008000188                . = ALIGN (0x4)

.text           0x0000000008000190     0x3398
                0x0000000008000190                . = ALIGN (0x4)
 *(.text)
 .text          0x0000000008000190       0x40 c:/st/stm32cubeide_1.8.0/stm32cubeide/plugins/com.st.stm32cube.ide.mcu.externaltools.gnu-tools-for-stm32.9-2020-q2-update.win32_2.0.0.202105311346/tools/bin/../lib/gcc/arm-none-eabi/9.3.1/thumb/v7e-m+fp/hard/crtbegin.o
 .text          0x00000000080001d0       0x30 c:/st/stm32cubeide_1.8.0/stm32cubeide/plugins/com.st.stm32cube.ide.mcu.externaltools.gnu-tools-for-stm32.9-2020-q2-update.win32_2.0.0.202105311346/tools/bin/../lib/gcc/arm-none-eabi/9.3.1/thumb/v7e-m+fp/hard\libgcc.a(_aeabi_uldivmod.o)
                0x00000000080001d0                __aeabi_uldivmod
 .text          0x0000000008000200      0x2c4 c:/st/stm32cubeide_1.8.0/stm32cubeide/plugins/com.st.stm32cube.ide.mcu.externaltools.gnu-tools-for-stm32.9-2020-q2-update.win32_2.0.0.202105311346/tools/bin/../lib/gcc/arm-none-eabi/9.3.1/thumb/v7e-m+fp/hard\libgcc.a(_udivmoddi4.o)
                0x0000000008000200                __udivmoddi4
 .text          0x00000000080004c4        0x4 c:/st/stm32cubeide_1.8.0/stm32cubeide/plugins/com.st.stm32cube.ide.mcu.externaltools.gnu-tools-for-stm32.9-2020-q2-update.win32_2.0.0.202105311346/tools/bin/../lib/gcc/arm-none-eabi/9.3.1/thumb/v7e-m+fp/hard\libgcc.a(_dvmd_tls.o)
                0x00000000080004c4                __aeabi_idiv0
                0x00000000080004c4                __aeabi_ldiv0
 *(.text*)
 .text.vApplicationGetIdleTaskMemory
                0x00000000080004c8       0x34 ./Core/Src/freertos.o
                0x00000000080004c8                vApplicationGetIdleTaskMemory
 .text.main     0x00000000080004fc       0x44 ./Core/Src/main.o
                0x00000000080004fc                main
 .text.SystemClock_Config
                0x0000000008000540       0xe0 ./Core/Src/main.o
                0x0000000008000540                SystemClock_Config
 .text.MX_GPIO_Init
                0x0000000008000620       0x9c ./Core/Src/main.o
 .text.StartDefaultTask
                0x00000000080006bc       0x10 ./Core/Src/main.o
                0x00000000080006bc                StartDefaultTask
 .text.HAL_TIM_PeriodElapsedCallback
                0x00000000080006cc       0x24 ./Core/Src/main.o
                0x00000000080006cc                HAL_TIM_PeriodElapsedCallback
 .text.Error_Handler
                0x00000000080006f0        0xa ./Core/Src/main.o
                0x00000000080006f0                Error_Handler
 *fill*         0x00000000080006fa        0x2 
 .text.HAL_MspInit
                0x00000000080006fc       0x58 ./Core/Src/stm32f4xx_hal_msp.o
                0x00000000080006fc                HAL_MspInit
 .text.HAL_InitTick
                0x0000000008000754       0xb4 ./Core/Src/stm32f4xx_hal_timebase_tim.o
                0x0000000008000754                HAL_InitTick
 .text.NMI_Handler
                0x0000000008000808        0x6 ./Core/Src/stm32f4xx_it.o
                0x0000000008000808                NMI_Handler
 .text.HardFault_Handler
                0x000000000800080e        0x6 ./Core/Src/stm32f4xx_it.o
                0x000000000800080e                HardFault_Handler
 .text.MemManage_Handler
                0x0000000008000814        0x6 ./Core/Src/stm32f4xx_it.o
                0x0000000008000814                MemManage_Handler
 .text.BusFault_Handler
                0x000000000800081a        0x6 ./Core/Src/stm32f4xx_it.o
                0x000000000800081a                BusFault_Handler
 .text.UsageFault_Handler
                0x0000000008000820        0x6 ./Core/Src/stm32f4xx_it.o
                0x0000000008000820                UsageFault_Handler
 .text.DebugMon_Handler
                0x0000000008000826        0xe ./Core/Src/stm32f4xx_it.o
                0x0000000008000826                DebugMon_Handler
 .text.TIM1_UP_TIM10_IRQHandler
                0x0000000008000834       0x14 ./Core/Src/stm32f4xx_it.o
                0x0000000008000834                TIM1_UP_TIM10_IRQHandler
 .text.SystemInit
                0x0000000008000848       0x24 ./Core/Src/system_stm32f4xx.o
                0x0000000008000848                SystemInit
 .text.Reset_Handler
                0x000000000800086c       0x50 ./Core/Startup/startup_stm32f407vgtx.o
                0x000000000800086c                Reset_Handler
 .text.Default_Handler
                0x00000000080008bc        0x2 ./Core/Startup/startup_stm32f407vgtx.o
                0x00000000080008bc                RTC_Alarm_IRQHandler
                0x00000000080008bc                HASH_RNG_IRQHandler
                0x00000000080008bc                EXTI2_IRQHandler
                0x00000000080008bc                TIM8_CC_IRQHandler
                0x00000000080008bc                TIM1_CC_IRQHandler
                0x00000000080008bc                DMA2_Stream5_IRQHandler
                0x00000000080008bc                DMA1_Stream5_IRQHandler
                0x00000000080008bc                PVD_IRQHandler
                0x00000000080008bc                SDIO_IRQHandler
                0x00000000080008bc                TAMP_STAMP_IRQHandler
                0x00000000080008bc                CAN2_RX1_IRQHandler
                0x00000000080008bc                EXTI3_IRQHandler
                0x00000000080008bc                TIM8_TRG_COM_TIM14_IRQHandler
                0x00000000080008bc                TIM8_UP_TIM13_IRQHandler
                0x00000000080008bc                I2C3_ER_IRQHandler
                0x00000000080008bc                EXTI0_IRQHandler
                0x00000000080008bc                I2C2_EV_IRQHandler
                0x00000000080008bc                DMA1_Stream2_IRQHandler
                0x00000000080008bc                CAN1_RX0_IRQHandler
                0x00000000080008bc                FPU_IRQHandler
                0x00000000080008bc                OTG_HS_WKUP_IRQHandler
                0x00000000080008bc                CAN2_SCE_IRQHandler
                0x00000000080008bc                DMA2_Stream2_IRQHandler
                0x00000000080008bc                SPI1_IRQHandler
                0x00000000080008bc                TIM6_DAC_IRQHandler
                0x00000000080008bc                TIM1_BRK_TIM9_IRQHandler
                0x00000000080008bc                DCMI_IRQHandler
                0x00000000080008bc                CAN2_RX0_IRQHandler
                0x00000000080008bc                DMA2_Stream3_IRQHandler
                0x00000000080008bc                USART6_IRQHandler
                0x00000000080008bc                USART3_IRQHandler
                0x00000000080008bc                CAN1_RX1_IRQHandler
                0x00000000080008bc                UART5_IRQHandler
                0x00000000080008bc                DMA2_Stream0_IRQHandler
                0x00000000080008bc                TIM4_IRQHandler
                0x00000000080008bc                I2C1_EV_IRQHandler
                0x00000000080008bc                DMA1_Stream6_IRQHandler
                0x00000000080008bc                DMA1_Stream1_IRQHandler
                0x00000000080008bc                UART4_IRQHandler
                0x00000000080008bc                TIM3_IRQHandler
                0x00000000080008bc                RCC_IRQHandler
                0x00000000080008bc                TIM8_BRK_TIM12_IRQHandler
                0x00000000080008bc                Default_Handler
                0x00000000080008bc                EXTI15_10_IRQHandler
                0x00000000080008bc                ADC_IRQHandler
                0x00000000080008bc                DMA1_Stream7_IRQHandler
                0x00000000080008bc                TIM7_IRQHandler
                0x00000000080008bc                CAN2_TX_IRQHandler
                0x00000000080008bc                TIM5_IRQHandler
                0x00000000080008bc                DMA2_Stream7_IRQHandler
                0x00000000080008bc                I2C3_EV_IRQHandler
                0x00000000080008bc                EXTI9_5_IRQHandler
                0x00000000080008bc                RTC_WKUP_IRQHandler
                0x00000000080008bc                ETH_WKUP_IRQHandler
                0x00000000080008bc                SPI2_IRQHandler
                0x00000000080008bc                OTG_HS_EP1_IN_IRQHandler
                0x00000000080008bc                DMA1_Stream0_IRQHandler
                0x00000000080008bc                CAN1_TX_IRQHandler
                0x00000000080008bc                EXTI4_IRQHandler
                0x00000000080008bc                FSMC_IRQHandler
                0x00000000080008bc                ETH_IRQHandler
                0x00000000080008bc                OTG_HS_EP1_OUT_IRQHandler
                0x00000000080008bc                WWDG_IRQHandler
                0x00000000080008bc                TIM2_IRQHandler
                0x00000000080008bc                OTG_FS_WKUP_IRQHandler
                0x00000000080008bc                TIM1_TRG_COM_TIM11_IRQHandler
                0x00000000080008bc                OTG_HS_IRQHandler
                0x00000000080008bc                EXTI1_IRQHandler
                0x00000000080008bc                USART2_IRQHandler
                0x00000000080008bc                I2C2_ER_IRQHandler
                0x00000000080008bc                DMA2_Stream1_IRQHandler
                0x00000000080008bc                CAN1_SCE_IRQHandler
                0x00000000080008bc                FLASH_IRQHandler
                0x00000000080008bc                DMA2_Stream4_IRQHandler
                0x00000000080008bc                USART1_IRQHandler
                0x00000000080008bc                OTG_FS_IRQHandler
                0x00000000080008bc                SPI3_IRQHandler
                0x00000000080008bc                DMA1_Stream4_IRQHandler
                0x00000000080008bc                I2C1_ER_IRQHandler
                0x00000000080008bc                DMA2_Stream6_IRQHandler
                0x00000000080008bc                DMA1_Stream3_IRQHandler
 .text.stm32_lock_acquire
                0x00000000080008be       0x60 ./Core/ThreadSafe/newlib_lock_glue.o
 .text.stm32_lock_release
                0x000000000800091e       0x54 ./Core/ThreadSafe/newlib_lock_glue.o
 .text.__retarget_lock_acquire_recursive
                0x0000000008000972       0x28 ./Core/ThreadSafe/newlib_lock_glue.o
                0x0000000008000972                __retarget_lock_acquire_recursive
 .text.__retarget_lock_release_recursive
                0x000000000800099a       0x28 ./Core/ThreadSafe/newlib_lock_glue.o
                0x000000000800099a                __retarget_lock_release_recursive
 *fill*         0x00000000080009c2        0x2 
 .text.HAL_Init
                0x00000000080009c4       0x44 ./Drivers/STM32F4xx_HAL_Driver/Src/stm32f4xx_hal.o
                0x00000000080009c4                HAL_Init
 .text.HAL_IncTick
                0x0000000008000a08       0x28 ./Drivers/STM32F4xx_HAL_Driver/Src/stm32f4xx_hal.o
                0x0000000008000a08                HAL_IncTick
 .text.HAL_GetTick
                0x0000000008000a30       0x18 ./Drivers/STM32F4xx_HAL_Driver/Src/stm32f4xx_hal.o
                0x0000000008000a30                HAL_GetTick
 .text.__NVIC_SetPriorityGrouping
                0x0000000008000a48       0x48 ./Drivers/STM32F4xx_HAL_Driver/Src/stm32f4xx_hal_cortex.o
 .text.__NVIC_GetPriorityGrouping
                0x0000000008000a90       0x1c ./Drivers/STM32F4xx_HAL_Driver/Src/stm32f4xx_hal_cortex.o
 .text.__NVIC_EnableIRQ
                0x0000000008000aac       0x3c ./Drivers/STM32F4xx_HAL_Driver/Src/stm32f4xx_hal_cortex.o
 .text.__NVIC_SetPriority
                0x0000000008000ae8       0x54 ./Drivers/STM32F4xx_HAL_Driver/Src/stm32f4xx_hal_cortex.o
 .text.NVIC_EncodePriority
                0x0000000008000b3c       0x66 ./Drivers/STM32F4xx_HAL_Driver/Src/stm32f4xx_hal_cortex.o
 .text.HAL_NVIC_SetPriorityGrouping
                0x0000000008000ba2       0x16 ./Drivers/STM32F4xx_HAL_Driver/Src/stm32f4xx_hal_cortex.o
                0x0000000008000ba2                HAL_NVIC_SetPriorityGrouping
 .text.HAL_NVIC_SetPriority
                0x0000000008000bb8       0x38 ./Drivers/STM32F4xx_HAL_Driver/Src/stm32f4xx_hal_cortex.o
                0x0000000008000bb8                HAL_NVIC_SetPriority
 .text.HAL_NVIC_EnableIRQ
                0x0000000008000bf0       0x1c ./Drivers/STM32F4xx_HAL_Driver/Src/stm32f4xx_hal_cortex.o
                0x0000000008000bf0                HAL_NVIC_EnableIRQ
 .text.HAL_GPIO_Init
                0x0000000008000c0c      0x338 ./Drivers/STM32F4xx_HAL_Driver/Src/stm32f4xx_hal_gpio.o
                0x0000000008000c0c                HAL_GPIO_Init
 .text.HAL_RCC_OscConfig
                0x0000000008000f44      0x4f0 ./Drivers/STM32F4xx_HAL_Driver/Src/stm32f4xx_hal_rcc.o
                0x0000000008000f44                HAL_RCC_OscConfig
 .text.HAL_RCC_ClockConfig
                0x0000000008001434      0x1cc ./Drivers/STM32F4xx_HAL_Driver/Src/stm32f4xx_hal_rcc.o
                0x0000000008001434                HAL_RCC_ClockConfig
 .text.HAL_RCC_MCOConfig
                0x0000000008001600       0xd0 ./Drivers/STM32F4xx_HAL_Driver/Src/stm32f4xx_hal_rcc.o
                0x0000000008001600                HAL_RCC_MCOConfig
 .text.HAL_RCC_GetSysClockFreq
                0x00000000080016d0      0x16c ./Drivers/STM32F4xx_HAL_Driver/Src/stm32f4xx_hal_rcc.o
                0x00000000080016d0                HAL_RCC_GetSysClockFreq
 .text.HAL_RCC_GetHCLKFreq
                0x000000000800183c       0x18 ./Drivers/STM32F4xx_HAL_Driver/Src/stm32f4xx_hal_rcc.o
                0x000000000800183c                HAL_RCC_GetHCLKFreq
 .text.HAL_RCC_GetPCLK2Freq
                0x0000000008001854       0x28 ./Drivers/STM32F4xx_HAL_Driver/Src/stm32f4xx_hal_rcc.o
                0x0000000008001854                HAL_RCC_GetPCLK2Freq
 .text.HAL_RCC_GetClockConfig
                0x000000000800187c       0x64 ./Drivers/STM32F4xx_HAL_Driver/Src/stm32f4xx_hal_rcc.o
                0x000000000800187c                HAL_RCC_GetClockConfig
 .text.HAL_TIM_Base_Init
                0x00000000080018e0       0x9e ./Drivers/STM32F4xx_HAL_Driver/Src/stm32f4xx_hal_tim.o
                0x00000000080018e0                HAL_TIM_Base_Init
 .text.HAL_TIM_Base_MspInit
                0x000000000800197e       0x14 ./Drivers/STM32F4xx_HAL_Driver/Src/stm32f4xx_hal_tim.o
                0x000000000800197e                HAL_TIM_Base_MspInit
 *fill*         0x0000000008001992        0x2 
 .text.HAL_TIM_Base_Start_IT
                0x0000000008001994       0xe0 ./Drivers/STM32F4xx_HAL_Driver/Src/stm32f4xx_hal_tim.o
                0x0000000008001994                HAL_TIM_Base_Start_IT
 .text.HAL_TIM_IRQHandler
                0x0000000008001a74      0x210 ./Drivers/STM32F4xx_HAL_Driver/Src/stm32f4xx_hal_tim.o
                0x0000000008001a74                HAL_TIM_IRQHandler
 .text.HAL_TIM_OC_DelayElapsedCallback
                0x0000000008001c84       0x14 ./Drivers/STM32F4xx_HAL_Driver/Src/stm32f4xx_hal_tim.o
                0x0000000008001c84                HAL_TIM_OC_DelayElapsedCallback
 .text.HAL_TIM_IC_CaptureCallback
                0x0000000008001c98       0x14 ./Drivers/STM32F4xx_HAL_Driver/Src/stm32f4xx_hal_tim.o
                0x0000000008001c98                HAL_TIM_IC_CaptureCallback
 .text.HAL_TIM_PWM_PulseFinishedCallback
                0x0000000008001cac       0x14 ./Drivers/STM32F4xx_HAL_Driver/Src/stm32f4xx_hal_tim.o
                0x0000000008001cac                HAL_TIM_PWM_PulseFinishedCallback
 .text.HAL_TIM_TriggerCallback
                0x0000000008001cc0       0x14 ./Drivers/STM32F4xx_HAL_Driver/Src/stm32f4xx_hal_tim.o
                0x0000000008001cc0                HAL_TIM_TriggerCallback
 .text.TIM_Base_SetConfig
                0x0000000008001cd4      0x140 ./Drivers/STM32F4xx_HAL_Driver/Src/stm32f4xx_hal_tim.o
                0x0000000008001cd4                TIM_Base_SetConfig
 .text.HAL_TIMEx_CommutCallback
                0x0000000008001e14       0x14 ./Drivers/STM32F4xx_HAL_Driver/Src/stm32f4xx_hal_tim_ex.o
                0x0000000008001e14                HAL_TIMEx_CommutCallback
 .text.HAL_TIMEx_BreakCallback
                0x0000000008001e28       0x14 ./Drivers/STM32F4xx_HAL_Driver/Src/stm32f4xx_hal_tim_ex.o
                0x0000000008001e28                HAL_TIMEx_BreakCallback
 .text.makeFreeRtosPriority
                0x0000000008001e3c       0x30 ./Middlewares/Third_Party/FreeRTOS/Source/CMSIS_RTOS/cmsis_os.o
 .text.osKernelStart
                0x0000000008001e6c        0xe ./Middlewares/Third_Party/FreeRTOS/Source/CMSIS_RTOS/cmsis_os.o
                0x0000000008001e6c                osKernelStart
 .text.osThreadCreate
                0x0000000008001e7a       0x98 ./Middlewares/Third_Party/FreeRTOS/Source/CMSIS_RTOS/cmsis_os.o
                0x0000000008001e7a                osThreadCreate
 .text.osDelay  0x0000000008001f12       0x28 ./Middlewares/Third_Party/FreeRTOS/Source/CMSIS_RTOS/cmsis_os.o
                0x0000000008001f12                osDelay
 .text.vListInitialise
                0x0000000008001f3a       0x40 ./Middlewares/Third_Party/FreeRTOS/Source/list.o
                0x0000000008001f3a                vListInitialise
 .text.vListInitialiseItem
                0x0000000008001f7a       0x1a ./Middlewares/Third_Party/FreeRTOS/Source/list.o
                0x0000000008001f7a                vListInitialiseItem
 .text.vListInsertEnd
                0x0000000008001f94       0x48 ./Middlewares/Third_Party/FreeRTOS/Source/list.o
                0x0000000008001f94                vListInsertEnd
 .text.vListInsert
                0x0000000008001fdc       0x72 ./Middlewares/Third_Party/FreeRTOS/Source/list.o
                0x0000000008001fdc                vListInsert
 .text.uxListRemove
                0x000000000800204e       0x54 ./Middlewares/Third_Party/FreeRTOS/Source/list.o
                0x000000000800204e                uxListRemove
 .text.xTaskCreateStatic
                0x00000000080020a2       0xba ./Middlewares/Third_Party/FreeRTOS/Source/tasks.o
                0x00000000080020a2                xTaskCreateStatic
 .text.xTaskCreate
                0x000000000800215c       0x8a ./Middlewares/Third_Party/FreeRTOS/Source/tasks.o
                0x000000000800215c                xTaskCreate
 *fill*         0x00000000080021e6        0x2 
 .text.prvInitialiseNewTask
                0x00000000080021e8      0x13c ./Middlewares/Third_Party/FreeRTOS/Source/tasks.o
 .text.prvAddNewTaskToReadyList
                0x0000000008002324       0xd4 ./Middlewares/Third_Party/FreeRTOS/Source/tasks.o
 .text.vTaskDelay
                0x00000000080023f8       0x68 ./Middlewares/Third_Party/FreeRTOS/Source/tasks.o
                0x00000000080023f8                vTaskDelay
 .text.vTaskStartScheduler
                0x0000000008002460       0xd4 ./Middlewares/Third_Party/FreeRTOS/Source/tasks.o
                0x0000000008002460                vTaskStartScheduler
 .text.vTaskSuspendAll
                0x0000000008002534       0x1c ./Middlewares/Third_Party/FreeRTOS/Source/tasks.o
                0x0000000008002534                vTaskSuspendAll
 .text.xTaskResumeAll
                0x0000000008002550      0x138 ./Middlewares/Third_Party/FreeRTOS/Source/tasks.o
                0x0000000008002550                xTaskResumeAll
 .text.xTaskIncrementTick
                0x0000000008002688      0x170 ./Middlewares/Third_Party/FreeRTOS/Source/tasks.o
                0x0000000008002688                xTaskIncrementTick
 .text.vTaskSwitchContext
                0x00000000080027f8       0xc4 ./Middlewares/Third_Party/FreeRTOS/Source/tasks.o
                0x00000000080027f8                vTaskSwitchContext
 .text.prvIdleTask
                0x00000000080028bc       0x30 ./Middlewares/Third_Party/FreeRTOS/Source/tasks.o
 .text.prvInitialiseTaskLists
                0x00000000080028ec       0x80 ./Middlewares/Third_Party/FreeRTOS/Source/tasks.o
 .text.prvCheckTasksWaitingTermination
                0x000000000800296c       0x5c ./Middlewares/Third_Party/FreeRTOS/Source/tasks.o
 .text.prvDeleteTCB
                0x00000000080029c8       0x68 ./Middlewares/Third_Party/FreeRTOS/Source/tasks.o
 .text.prvResetNextTaskUnblockTime
                0x0000000008002a30       0x40 ./Middlewares/Third_Party/FreeRTOS/Source/tasks.o
 .text.prvAddCurrentTaskToDelayedList
                0x0000000008002a70       0xcc ./Middlewares/Third_Party/FreeRTOS/Source/tasks.o
 .text.pxPortInitialiseStack
                0x0000000008002b3c       0x68 ./Middlewares/Third_Party/FreeRTOS/Source/portable/GCC/ARM_CM4F/port.o
                0x0000000008002b3c                pxPortInitialiseStack
 .text.prvTaskExitError
                0x0000000008002ba4       0x58 ./Middlewares/Third_Party/FreeRTOS/Source/portable/GCC/ARM_CM4F/port.o
 *fill*         0x0000000008002bfc        0x4 
 .text.SVC_Handler
                0x0000000008002c00       0x28 ./Middlewares/Third_Party/FreeRTOS/Source/portable/GCC/ARM_CM4F/port.o
                0x0000000008002c00                SVC_Handler
 .text.prvPortStartFirstTask
                0x0000000008002c28       0x28 ./Middlewares/Third_Party/FreeRTOS/Source/portable/GCC/ARM_CM4F/port.o
 .text.xPortStartScheduler
                0x0000000008002c50      0x144 ./Middlewares/Third_Party/FreeRTOS/Source/portable/GCC/ARM_CM4F/port.o
                0x0000000008002c50                xPortStartScheduler
 .text.vPortEnterCritical
                0x0000000008002d94       0x60 ./Middlewares/Third_Party/FreeRTOS/Source/portable/GCC/ARM_CM4F/port.o
                0x0000000008002d94                vPortEnterCritical
 .text.vPortExitCritical
                0x0000000008002df4       0x54 ./Middlewares/Third_Party/FreeRTOS/Source/portable/GCC/ARM_CM4F/port.o
                0x0000000008002df4                vPortExitCritical
 *fill*         0x0000000008002e48        0x8 
 .text.PendSV_Handler
                0x0000000008002e50       0x68 ./Middlewares/Third_Party/FreeRTOS/Source/portable/GCC/ARM_CM4F/port.o
                0x0000000008002e50                PendSV_Handler
 .text.SysTick_Handler
                0x0000000008002eb8       0x44 ./Middlewares/Third_Party/FreeRTOS/Source/portable/GCC/ARM_CM4F/port.o
                0x0000000008002eb8                SysTick_Handler
 .text.vPortSetupTimerInterrupt
                0x0000000008002efc       0x48 ./Middlewares/Third_Party/FreeRTOS/Source/portable/GCC/ARM_CM4F/port.o
                0x0000000008002efc                vPortSetupTimerInterrupt
 .text.vPortEnableVFP
                0x0000000008002f44       0x14 ./Middlewares/Third_Party/FreeRTOS/Source/portable/GCC/ARM_CM4F/port.o
 .text.pvPortMalloc
                0x0000000008002f58      0x198 ./Middlewares/Third_Party/FreeRTOS/Source/portable/MemMang/heap_4.o
                0x0000000008002f58                pvPortMalloc
 .text.vPortFree
                0x00000000080030f0       0xc4 ./Middlewares/Third_Party/FreeRTOS/Source/portable/MemMang/heap_4.o
                0x00000000080030f0                vPortFree
 .text.prvHeapInit
                0x00000000080031b4       0xc4 ./Middlewares/Third_Party/FreeRTOS/Source/portable/MemMang/heap_4.o
 .text.prvInsertBlockIntoFreeList
                0x0000000008003278       0xb4 ./Middlewares/Third_Party/FreeRTOS/Source/portable/MemMang/heap_4.o
 .text.__libc_init_array
                0x000000000800332c       0x48 c:/st/stm32cubeide_1.8.0/stm32cubeide/plugins/com.st.stm32cube.ide.mcu.externaltools.gnu-tools-for-stm32.9-2020-q2-update.win32_2.0.0.202105311346/tools/bin/../lib/gcc/arm-none-eabi/9.3.1/../../../../arm-none-eabi/lib/thumb/v7e-m+fp/hard\libc_nano.a(lib_a-init.o)
                0x000000000800332c                __libc_init_array
 .text.memset   0x0000000008003374       0x10 c:/st/stm32cubeide_1.8.0/stm32cubeide/plugins/com.st.stm32cube.ide.mcu.externaltools.gnu-tools-for-stm32.9-2020-q2-update.win32_2.0.0.202105311346/tools/bin/../lib/gcc/arm-none-eabi/9.3.1/../../../../arm-none-eabi/lib/thumb/v7e-m+fp/hard\libc_nano.a(lib_a-memset.o)
                0x0000000008003374                memset
 .text._free_r  0x0000000008003384       0xa0 c:/st/stm32cubeide_1.8.0/stm32cubeide/plugins/com.st.stm32cube.ide.mcu.externaltools.gnu-tools-for-stm32.9-2020-q2-update.win32_2.0.0.202105311346/tools/bin/../lib/gcc/arm-none-eabi/9.3.1/../../../../arm-none-eabi/lib/thumb/v7e-m+fp/hard\libc_nano.a(lib_a-nano-freer.o)
                0x0000000008003384                _free_r
 .text.cleanup_glue
                0x0000000008003424       0x1a c:/st/stm32cubeide_1.8.0/stm32cubeide/plugins/com.st.stm32cube.ide.mcu.externaltools.gnu-tools-for-stm32.9-2020-q2-update.win32_2.0.0.202105311346/tools/bin/../lib/gcc/arm-none-eabi/9.3.1/../../../../arm-none-eabi/lib/thumb/v7e-m+fp/hard\libc_nano.a(lib_a-reent.o)
                0x0000000008003424                cleanup_glue
 *fill*         0x000000000800343e        0x2 
 .text._reclaim_reent
                0x0000000008003440       0xb8 c:/st/stm32cubeide_1.8.0/stm32cubeide/plugins/com.st.stm32cube.ide.mcu.externaltools.gnu-tools-for-stm32.9-2020-q2-update.win32_2.0.0.202105311346/tools/bin/../lib/gcc/arm-none-eabi/9.3.1/../../../../arm-none-eabi/lib/thumb/v7e-m+fp/hard\libc_nano.a(lib_a-reent.o)
                0x0000000008003440                _reclaim_reent
 .text.__malloc_lock
                0x00000000080034f8        0xc c:/st/stm32cubeide_1.8.0/stm32cubeide/plugins/com.st.stm32cube.ide.mcu.externaltools.gnu-tools-for-stm32.9-2020-q2-update.win32_2.0.0.202105311346/tools/bin/../lib/gcc/arm-none-eabi/9.3.1/../../../../arm-none-eabi/lib/thumb/v7e-m+fp/hard\libc_nano.a(lib_a-mlock.o)
                0x00000000080034f8                __malloc_lock
 .text.__malloc_unlock
                0x0000000008003504        0xc c:/st/stm32cubeide_1.8.0/stm32cubeide/plugins/com.st.stm32cube.ide.mcu.externaltools.gnu-tools-for-stm32.9-2020-q2-update.win32_2.0.0.202105311346/tools/bin/../lib/gcc/arm-none-eabi/9.3.1/../../../../arm-none-eabi/lib/thumb/v7e-m+fp/hard\libc_nano.a(lib_a-mlock.o)
                0x0000000008003504                __malloc_unlock
 *(.glue_7)
 .glue_7        0x0000000008003510        0x0 linker stubs
 *(.glue_7t)
 .glue_7t       0x0000000008003510        0x0 linker stubs
 *(.eh_frame)
 .eh_frame      0x0000000008003510        0x0 c:/st/stm32cubeide_1.8.0/stm32cubeide/plugins/com.st.stm32cube.ide.mcu.externaltools.gnu-tools-for-stm32.9-2020-q2-update.win32_2.0.0.202105311346/tools/bin/../lib/gcc/arm-none-eabi/9.3.1/thumb/v7e-m+fp/hard/crtbegin.o
 *(.init)
 .init          0x0000000008003510        0x4 c:/st/stm32cubeide_1.8.0/stm32cubeide/plugins/com.st.stm32cube.ide.mcu.externaltools.gnu-tools-for-stm32.9-2020-q2-update.win32_2.0.0.202105311346/tools/bin/../lib/gcc/arm-none-eabi/9.3.1/thumb/v7e-m+fp/hard/crti.o
                0x0000000008003510                _init
 .init          0x0000000008003514        0x8 c:/st/stm32cubeide_1.8.0/stm32cubeide/plugins/com.st.stm32cube.ide.mcu.externaltools.gnu-tools-for-stm32.9-2020-q2-update.win32_2.0.0.202105311346/tools/bin/../lib/gcc/arm-none-eabi/9.3.1/thumb/v7e-m+fp/hard/crtn.o
 *(.fini)
 .fini          0x000000000800351c        0x4 c:/st/stm32cubeide_1.8.0/stm32cubeide/plugins/com.st.stm32cube.ide.mcu.externaltools.gnu-tools-for-stm32.9-2020-q2-update.win32_2.0.0.202105311346/tools/bin/../lib/gcc/arm-none-eabi/9.3.1/thumb/v7e-m+fp/hard/crti.o
                0x000000000800351c                _fini
 .fini          0x0000000008003520        0x8 c:/st/stm32cubeide_1.8.0/stm32cubeide/plugins/com.st.stm32cube.ide.mcu.externaltools.gnu-tools-for-stm32.9-2020-q2-update.win32_2.0.0.202105311346/tools/bin/../lib/gcc/arm-none-eabi/9.3.1/thumb/v7e-m+fp/hard/crtn.o
                0x0000000008003528                . = ALIGN (0x4)
                0x0000000008003528                _etext = .

.vfp11_veneer   0x0000000008003528        0x0
 .vfp11_veneer  0x0000000008003528        0x0 linker stubs

.v4_bx          0x0000000008003528        0x0
 .v4_bx         0x0000000008003528        0x0 linker stubs

.iplt           0x0000000008003528        0x0
 .iplt          0x0000000008003528        0x0 c:/st/stm32cubeide_1.8.0/stm32cubeide/plugins/com.st.stm32cube.ide.mcu.externaltools.gnu-tools-for-stm32.9-2020-q2-update.win32_2.0.0.202105311346/tools/bin/../lib/gcc/arm-none-eabi/9.3.1/thumb/v7e-m+fp/hard/crtbegin.o

.rodata         0x0000000008003528       0xa8
                0x0000000008003528                . = ALIGN (0x4)
 *(.rodata)
 .rodata        0x0000000008003528       0x28 ./Core/Src/main.o
 .rodata        0x0000000008003550        0x5 ./Middlewares/Third_Party/FreeRTOS/Source/tasks.o
 *(.rodata*)
 *fill*         0x0000000008003555        0x3 
 .rodata.AHBPrescTable
                0x0000000008003558       0x10 ./Core/Src/system_stm32f4xx.o
                0x0000000008003558                AHBPrescTable
 .rodata.APBPrescTable
                0x0000000008003568        0x8 ./Core/Src/system_stm32f4xx.o
                0x0000000008003568                APBPrescTable
 .rodata.__sf_fake_stderr
                0x0000000008003570       0x20 c:/st/stm32cubeide_1.8.0/stm32cubeide/plugins/com.st.stm32cube.ide.mcu.externaltools.gnu-tools-for-stm32.9-2020-q2-update.win32_2.0.0.202105311346/tools/bin/../lib/gcc/arm-none-eabi/9.3.1/../../../../arm-none-eabi/lib/thumb/v7e-m+fp/hard\libc_nano.a(lib_a-findfp.o)
                0x0000000008003570                __sf_fake_stderr
 .rodata.__sf_fake_stdin
                0x0000000008003590       0x20 c:/st/stm32cubeide_1.8.0/stm32cubeide/plugins/com.st.stm32cube.ide.mcu.externaltools.gnu-tools-for-stm32.9-2020-q2-update.win32_2.0.0.202105311346/tools/bin/../lib/gcc/arm-none-eabi/9.3.1/../../../../arm-none-eabi/lib/thumb/v7e-m+fp/hard\libc_nano.a(lib_a-findfp.o)
                0x0000000008003590                __sf_fake_stdin
 .rodata.__sf_fake_stdout
                0x00000000080035b0       0x20 c:/st/stm32cubeide_1.8.0/stm32cubeide/plugins/com.st.stm32cube.ide.mcu.externaltools.gnu-tools-for-stm32.9-2020-q2-update.win32_2.0.0.202105311346/tools/bin/../lib/gcc/arm-none-eabi/9.3.1/../../../../arm-none-eabi/lib/thumb/v7e-m+fp/hard\libc_nano.a(lib_a-findfp.o)
                0x00000000080035b0                __sf_fake_stdout
                0x00000000080035d0                . = ALIGN (0x4)

.ARM.extab      0x00000000080035d0        0x0
                0x00000000080035d0                . = ALIGN (0x4)
 *(.ARM.extab* .gnu.linkonce.armextab.*)
                0x00000000080035d0                . = ALIGN (0x4)

.ARM            0x00000000080035d0        0x8
                0x00000000080035d0                . = ALIGN (0x4)
                0x00000000080035d0                __exidx_start = .
 *(.ARM.exidx*)
 .ARM.exidx     0x00000000080035d0        0x8 c:/st/stm32cubeide_1.8.0/stm32cubeide/plugins/com.st.stm32cube.ide.mcu.externaltools.gnu-tools-for-stm32.9-2020-q2-update.win32_2.0.0.202105311346/tools/bin/../lib/gcc/arm-none-eabi/9.3.1/thumb/v7e-m+fp/hard\libgcc.a(_udivmoddi4.o)
                0x00000000080035d8                __exidx_end = .
                0x00000000080035d8                . = ALIGN (0x4)

.rel.dyn        0x00000000080035d8        0x0
 .rel.iplt      0x00000000080035d8        0x0 c:/st/stm32cubeide_1.8.0/stm32cubeide/plugins/com.st.stm32cube.ide.mcu.externaltools.gnu-tools-for-stm32.9-2020-q2-update.win32_2.0.0.202105311346/tools/bin/../lib/gcc/arm-none-eabi/9.3.1/thumb/v7e-m+fp/hard/crtbegin.o

.preinit_array  0x00000000080035d8        0x0
                0x00000000080035d8                . = ALIGN (0x4)
                0x00000000080035d8                PROVIDE (__preinit_array_start = .)
 *(.preinit_array*)
                0x00000000080035d8                PROVIDE (__preinit_array_end = .)
                0x00000000080035d8                . = ALIGN (0x4)

.init_array     0x00000000080035d8        0x4
                0x00000000080035d8                . = ALIGN (0x4)
                0x00000000080035d8                PROVIDE (__init_array_start = .)
 *(SORT_BY_NAME(.init_array.*))
 *(.init_array*)
 .init_array    0x00000000080035d8        0x4 c:/st/stm32cubeide_1.8.0/stm32cubeide/plugins/com.st.stm32cube.ide.mcu.externaltools.gnu-tools-for-stm32.9-2020-q2-update.win32_2.0.0.202105311346/tools/bin/../lib/gcc/arm-none-eabi/9.3.1/thumb/v7e-m+fp/hard/crtbegin.o
                0x00000000080035dc                PROVIDE (__init_array_end = .)
                0x00000000080035dc                . = ALIGN (0x4)

.fini_array     0x00000000080035dc        0x4
                0x00000000080035dc                . = ALIGN (0x4)
                [!provide]                        PROVIDE (__fini_array_start = .)
 *(SORT_BY_NAME(.fini_array.*))
 *(.fini_array*)
 .fini_array    0x00000000080035dc        0x4 c:/st/stm32cubeide_1.8.0/stm32cubeide/plugins/com.st.stm32cube.ide.mcu.externaltools.gnu-tools-for-stm32.9-2020-q2-update.win32_2.0.0.202105311346/tools/bin/../lib/gcc/arm-none-eabi/9.3.1/thumb/v7e-m+fp/hard/crtbegin.o
                [!provide]                        PROVIDE (__fini_array_end = .)
                0x00000000080035e0                . = ALIGN (0x4)
                0x00000000080035e0                _sidata = LOADADDR (.data)

.data           0x0000000020000000       0x74 load address 0x00000000080035e0
                0x0000000020000000                . = ALIGN (0x4)
                0x0000000020000000                _sdata = .
 *(.data)
 *(.data*)
 .data.SystemCoreClock
                0x0000000020000000        0x4 ./Core/Src/system_stm32f4xx.o
                0x0000000020000000                SystemCoreClock
 .data.uwTickPrio
                0x0000000020000004        0x4 ./Drivers/STM32F4xx_HAL_Driver/Src/stm32f4xx_hal.o
                0x0000000020000004                uwTickPrio
 .data.uwTickFreq
                0x0000000020000008        0x1 ./Drivers/STM32F4xx_HAL_Driver/Src/stm32f4xx_hal.o
                0x0000000020000008                uwTickFreq
 *fill*         0x0000000020000009        0x3 
 .data.uxCriticalNesting
                0x000000002000000c        0x4 ./Middlewares/Third_Party/FreeRTOS/Source/portable/GCC/ARM_CM4F/port.o
 .data._impure_ptr
                0x0000000020000010        0x4 c:/st/stm32cubeide_1.8.0/stm32cubeide/plugins/com.st.stm32cube.ide.mcu.externaltools.gnu-tools-for-stm32.9-2020-q2-update.win32_2.0.0.202105311346/tools/bin/../lib/gcc/arm-none-eabi/9.3.1/../../../../arm-none-eabi/lib/thumb/v7e-m+fp/hard\libc_nano.a(lib_a-impure.o)
                0x0000000020000010                _impure_ptr
 .data.impure_data
                0x0000000020000014       0x60 c:/st/stm32cubeide_1.8.0/stm32cubeide/plugins/com.st.stm32cube.ide.mcu.externaltools.gnu-tools-for-stm32.9-2020-q2-update.win32_2.0.0.202105311346/tools/bin/../lib/gcc/arm-none-eabi/9.3.1/../../../../arm-none-eabi/lib/thumb/v7e-m+fp/hard\libc_nano.a(lib_a-impure.o)
 *(.RamFunc)
 *(.RamFunc*)
                0x0000000020000074                . = ALIGN (0x4)
                0x0000000020000074                _edata = .
                0x0000000008003654                _siccmram = LOADADDR (.ccmram)

.igot.plt       0x0000000020000074        0x0 load address 0x0000000008003654
 .igot.plt      0x0000000020000074        0x0 c:/st/stm32cubeide_1.8.0/stm32cubeide/plugins/com.st.stm32cube.ide.mcu.externaltools.gnu-tools-for-stm32.9-2020-q2-update.win32_2.0.0.202105311346/tools/bin/../lib/gcc/arm-none-eabi/9.3.1/thumb/v7e-m+fp/hard/crtbegin.o

.ccmram         0x0000000010000000        0x0 load address 0x0000000008003654
                0x0000000010000000                . = ALIGN (0x4)
                0x0000000010000000                _sccmram = .
 *(.ccmram)
 *(.ccmram*)
                0x0000000010000000                . = ALIGN (0x4)
                0x0000000010000000                _eccmram = .
                0x0000000010000000                . = ALIGN (0x4)

.bss            0x0000000020000074     0x4084
                0x0000000020000074                _sbss = .
                0x0000000020000074                __bss_start__ = _sbss
 *(.bss)
 .bss           0x0000000020000074       0x1c c:/st/stm32cubeide_1.8.0/stm32cubeide/plugins/com.st.stm32cube.ide.mcu.externaltools.gnu-tools-for-stm32.9-2020-q2-update.win32_2.0.0.202105311346/tools/bin/../lib/gcc/arm-none-eabi/9.3.1/thumb/v7e-m+fp/hard/crtbegin.o
 *(.bss*)
 .bss.xIdleTaskTCBBuffer
                0x0000000020000090       0xb4 ./Core/Src/freertos.o
 .bss.xIdleStack
                0x0000000020000144      0x200 ./Core/Src/freertos.o
 .bss.__lock___malloc_recursive_mutex
                0x0000000020000344        0xc ./Core/ThreadSafe/newlib_lock_glue.o
                0x0000000020000344                __lock___malloc_recursive_mutex
 .bss.pxCurrentTCB
                0x0000000020000350        0x4 ./Middlewares/Third_Party/FreeRTOS/Source/tasks.o
                0x0000000020000350                pxCurrentTCB
 .bss.pxReadyTasksLists
                0x0000000020000354       0x8c ./Middlewares/Third_Party/FreeRTOS/Source/tasks.o
 .bss.xDelayedTaskList1
                0x00000000200003e0       0x14 ./Middlewares/Third_Party/FreeRTOS/Source/tasks.o
 .bss.xDelayedTaskList2
                0x00000000200003f4       0x14 ./Middlewares/Third_Party/FreeRTOS/Source/tasks.o
 .bss.pxDelayedTaskList
                0x0000000020000408        0x4 ./Middlewares/Third_Party/FreeRTOS/Source/tasks.o
 .bss.pxOverflowDelayedTaskList
                0x000000002000040c        0x4 ./Middlewares/Third_Party/FreeRTOS/Source/tasks.o
 .bss.xPendingReadyList
                0x0000000020000410       0x14 ./Middlewares/Third_Party/FreeRTOS/Source/tasks.o
 .bss.xTasksWaitingTermination
                0x0000000020000424       0x14 ./Middlewares/Third_Party/FreeRTOS/Source/tasks.o
 .bss.uxDeletedTasksWaitingCleanUp
                0x0000000020000438        0x4 ./Middlewares/Third_Party/FreeRTOS/Source/tasks.o
 .bss.xSuspendedTaskList
                0x000000002000043c       0x14 ./Middlewares/Third_Party/FreeRTOS/Source/tasks.o
 .bss.uxCurrentNumberOfTasks
                0x0000000020000450        0x4 ./Middlewares/Third_Party/FreeRTOS/Source/tasks.o
 .bss.xTickCount
                0x0000000020000454        0x4 ./Middlewares/Third_Party/FreeRTOS/Source/tasks.o
 .bss.uxTopReadyPriority
                0x0000000020000458        0x4 ./Middlewares/Third_Party/FreeRTOS/Source/tasks.o
 .bss.xSchedulerRunning
                0x000000002000045c        0x4 ./Middlewares/Third_Party/FreeRTOS/Source/tasks.o
 .bss.xPendedTicks
                0x0000000020000460        0x4 ./Middlewares/Third_Party/FreeRTOS/Source/tasks.o
 .bss.xYieldPending
                0x0000000020000464        0x4 ./Middlewares/Third_Party/FreeRTOS/Source/tasks.o
 .bss.xNumOfOverflows
                0x0000000020000468        0x4 ./Middlewares/Third_Party/FreeRTOS/Source/tasks.o
 .bss.uxTaskNumber
                0x000000002000046c        0x4 ./Middlewares/Third_Party/FreeRTOS/Source/tasks.o
 .bss.xNextTaskUnblockTime
                0x0000000020000470        0x4 ./Middlewares/Third_Party/FreeRTOS/Source/tasks.o
 .bss.xIdleTaskHandle
                0x0000000020000474        0x4 ./Middlewares/Third_Party/FreeRTOS/Source/tasks.o
 .bss.uxSchedulerSuspended
                0x0000000020000478        0x4 ./Middlewares/Third_Party/FreeRTOS/Source/tasks.o
 .bss.ucMaxSysCallPriority
                0x000000002000047c        0x1 ./Middlewares/Third_Party/FreeRTOS/Source/portable/GCC/ARM_CM4F/port.o
 *fill*         0x000000002000047d        0x3 
 .bss.ulMaxPRIGROUPValue
                0x0000000020000480        0x4 ./Middlewares/Third_Party/FreeRTOS/Source/portable/GCC/ARM_CM4F/port.o
 .bss.ucHeap    0x0000000020000484     0x3c00 ./Middlewares/Third_Party/FreeRTOS/Source/portable/MemMang/heap_4.o
 .bss.xStart    0x0000000020004084        0x8 ./Middlewares/Third_Party/FreeRTOS/Source/portable/MemMang/heap_4.o
 .bss.pxEnd     0x000000002000408c        0x4 ./Middlewares/Third_Party/FreeRTOS/Source/portable/MemMang/heap_4.o
 .bss.xFreeBytesRemaining
                0x0000000020004090        0x4 ./Middlewares/Third_Party/FreeRTOS/Source/portable/MemMang/heap_4.o
 .bss.xMinimumEverFreeBytesRemaining
                0x0000000020004094        0x4 ./Middlewares/Third_Party/FreeRTOS/Source/portable/MemMang/heap_4.o
 .bss.xNumberOfSuccessfulAllocations
                0x0000000020004098        0x4 ./Middlewares/Third_Party/FreeRTOS/Source/portable/MemMang/heap_4.o
 .bss.xNumberOfSuccessfulFrees
                0x000000002000409c        0x4 ./Middlewares/Third_Party/FreeRTOS/Source/portable/MemMang/heap_4.o
 .bss.xBlockAllocatedBit
                0x00000000200040a0        0x4 ./Middlewares/Third_Party/FreeRTOS/Source/portable/MemMang/heap_4.o
 .bss.__malloc_free_list
                0x00000000200040a4        0x4 c:/st/stm32cubeide_1.8.0/stm32cubeide/plugins/com.st.stm32cube.ide.mcu.externaltools.gnu-tools-for-stm32.9-2020-q2-update.win32_2.0.0.202105311346/tools/bin/../lib/gcc/arm-none-eabi/9.3.1/../../../../arm-none-eabi/lib/thumb/v7e-m+fp/hard\libc_nano.a(lib_a-nano-mallocr.o)
                0x00000000200040a4                __malloc_free_list
 *(COMMON)
 COMMON         0x00000000200040a8        0x4 ./Core/Src/main.o
                0x00000000200040a8                defaultTaskHandle
 COMMON         0x00000000200040ac       0x48 ./Core/Src/stm32f4xx_hal_timebase_tim.o
                0x00000000200040ac                htim1
 COMMON         0x00000000200040f4        0x4 ./Drivers/STM32F4xx_HAL_Driver/Src/stm32f4xx_hal.o
                0x00000000200040f4                uwTick
                0x00000000200040f8                . = ALIGN (0x4)
                0x00000000200040f8                _ebss = .
                0x00000000200040f8                __bss_end__ = _ebss

._user_heap_stack
                0x00000000200040f8      0x600
                0x00000000200040f8                . = ALIGN (0x8)
                [!provide]                        PROVIDE (end = .)
                0x00000000200040f8                PROVIDE (_end = .)
                0x00000000200042f8                . = (. + _Min_Heap_Size)
 *fill*         0x00000000200040f8      0x200 
                0x00000000200046f8                . = (. + _Min_Stack_Size)
 *fill*         0x00000000200042f8      0x400 
                0x00000000200046f8                . = ALIGN (0x8)

/DISCARD/
 libc.a(*)
 libm.a(*)
 libgcc.a(*)

.ARM.attributes
                0x0000000000000000       0x30
 *(.ARM.attributes)
 .ARM.attributes
                0x0000000000000000       0x1e c:/st/stm32cubeide_1.8.0/stm32cubeide/plugins/com.st.stm32cube.ide.mcu.externaltools.gnu-tools-for-stm32.9-2020-q2-update.win32_2.0.0.202105311346/tools/bin/../lib/gcc/arm-none-eabi/9.3.1/thumb/v7e-m+fp/hard/crti.o
 .ARM.attributes
                0x000000000000001e       0x34 c:/st/stm32cubeide_1.8.0/stm32cubeide/plugins/com.st.stm32cube.ide.mcu.externaltools.gnu-tools-for-stm32.9-2020-q2-update.win32_2.0.0.202105311346/tools/bin/../lib/gcc/arm-none-eabi/9.3.1/thumb/v7e-m+fp/hard/crtbegin.o
 .ARM.attributes
                0x0000000000000052       0x34 ./Core/Src/freertos.o
 .ARM.attributes
                0x0000000000000086       0x34 ./Core/Src/main.o
 .ARM.attributes
                0x00000000000000ba       0x34 ./Core/Src/stm32f4xx_hal_msp.o
 .ARM.attributes
                0x00000000000000ee       0x34 ./Core/Src/stm32f4xx_hal_timebase_tim.o
 .ARM.attributes
                0x0000000000000122       0x34 ./Core/Src/stm32f4xx_it.o
 .ARM.attributes
                0x0000000000000156       0x34 ./Core/Src/system_stm32f4xx.o
 .ARM.attributes
                0x000000000000018a       0x21 ./Core/Startup/startup_stm32f407vgtx.o
 .ARM.attributes
                0x00000000000001ab       0x34 ./Core/ThreadSafe/newlib_lock_glue.o
 .ARM.attributes
                0x00000000000001df       0x34 ./Drivers/STM32F4xx_HAL_Driver/Src/stm32f4xx_hal.o
 .ARM.attributes
                0x0000000000000213       0x34 ./Drivers/STM32F4xx_HAL_Driver/Src/stm32f4xx_hal_cortex.o
 .ARM.attributes
                0x0000000000000247       0x34 ./Drivers/STM32F4xx_HAL_Driver/Src/stm32f4xx_hal_gpio.o
 .ARM.attributes
                0x000000000000027b       0x34 ./Drivers/STM32F4xx_HAL_Driver/Src/stm32f4xx_hal_rcc.o
 .ARM.attributes
                0x00000000000002af       0x34 ./Drivers/STM32F4xx_HAL_Driver/Src/stm32f4xx_hal_tim.o
 .ARM.attributes
                0x00000000000002e3       0x34 ./Drivers/STM32F4xx_HAL_Driver/Src/stm32f4xx_hal_tim_ex.o
 .ARM.attributes
                0x0000000000000317       0x34 ./Middlewares/Third_Party/FreeRTOS/Source/CMSIS_RTOS/cmsis_os.o
 .ARM.attributes
                0x000000000000034b       0x34 ./Middlewares/Third_Party/FreeRTOS/Source/list.o
 .ARM.attributes
                0x000000000000037f       0x34 ./Middlewares/Third_Party/FreeRTOS/Source/tasks.o
 .ARM.attributes
                0x00000000000003b3       0x34 ./Middlewares/Third_Party/FreeRTOS/Source/portable/GCC/ARM_CM4F/port.o
 .ARM.attributes
                0x00000000000003e7       0x34 ./Middlewares/Third_Party/FreeRTOS/Source/portable/MemMang/heap_4.o
 .ARM.attributes
                0x000000000000041b       0x34 c:/st/stm32cubeide_1.8.0/stm32cubeide/plugins/com.st.stm32cube.ide.mcu.externaltools.gnu-tools-for-stm32.9-2020-q2-update.win32_2.0.0.202105311346/tools/bin/../lib/gcc/arm-none-eabi/9.3.1/../../../../arm-none-eabi/lib/thumb/v7e-m+fp/hard\libc_nano.a(lib_a-findfp.o)
 .ARM.attributes
                0x000000000000044f       0x32 c:/st/stm32cubeide_1.8.0/stm32cubeide/plugins/com.st.stm32cube.ide.mcu.externaltools.gnu-tools-for-stm32.9-2020-q2-update.win32_2.0.0.202105311346/tools/bin/../lib/gcc/arm-none-eabi/9.3.1/../../../../arm-none-eabi/lib/thumb/v7e-m+fp/hard\libc_nano.a(lib_a-impure.o)
 .ARM.attributes
                0x0000000000000481       0x34 c:/st/stm32cubeide_1.8.0/stm32cubeide/plugins/com.st.stm32cube.ide.mcu.externaltools.gnu-tools-for-stm32.9-2020-q2-update.win32_2.0.0.202105311346/tools/bin/../lib/gcc/arm-none-eabi/9.3.1/../../../../arm-none-eabi/lib/thumb/v7e-m+fp/hard\libc_nano.a(lib_a-init.o)
 .ARM.attributes
                0x00000000000004b5       0x34 c:/st/stm32cubeide_1.8.0/stm32cubeide/plugins/com.st.stm32cube.ide.mcu.externaltools.gnu-tools-for-stm32.9-2020-q2-update.win32_2.0.0.202105311346/tools/bin/../lib/gcc/arm-none-eabi/9.3.1/../../../../arm-none-eabi/lib/thumb/v7e-m+fp/hard\libc_nano.a(lib_a-memset.o)
 .ARM.attributes
                0x00000000000004e9       0x34 c:/st/stm32cubeide_1.8.0/stm32cubeide/plugins/com.st.stm32cube.ide.mcu.externaltools.gnu-tools-for-stm32.9-2020-q2-update.win32_2.0.0.202105311346/tools/bin/../lib/gcc/arm-none-eabi/9.3.1/../../../../arm-none-eabi/lib/thumb/v7e-m+fp/hard\libc_nano.a(lib_a-nano-freer.o)
 .ARM.attributes
                0x000000000000051d       0x34 c:/st/stm32cubeide_1.8.0/stm32cubeide/plugins/com.st.stm32cube.ide.mcu.externaltools.gnu-tools-for-stm32.9-2020-q2-update.win32_2.0.0.202105311346/tools/bin/../lib/gcc/arm-none-eabi/9.3.1/../../../../arm-none-eabi/lib/thumb/v7e-m+fp/hard\libc_nano.a(lib_a-nano-mallocr.o)
 .ARM.attributes
                0x0000000000000551       0x34 c:/st/stm32cubeide_1.8.0/stm32cubeide/plugins/com.st.stm32cube.ide.mcu.externaltools.gnu-tools-for-stm32.9-2020-q2-update.win32_2.0.0.202105311346/tools/bin/../lib/gcc/arm-none-eabi/9.3.1/../../../../arm-none-eabi/lib/thumb/v7e-m+fp/hard\libc_nano.a(lib_a-reent.o)
 .ARM.attributes
                0x0000000000000585       0x34 c:/st/stm32cubeide_1.8.0/stm32cubeide/plugins/com.st.stm32cube.ide.mcu.externaltools.gnu-tools-for-stm32.9-2020-q2-update.win32_2.0.0.202105311346/tools/bin/../lib/gcc/arm-none-eabi/9.3.1/../../../../arm-none-eabi/lib/thumb/v7e-m+fp/hard\libc_nano.a(lib_a-mlock.o)
 .ARM.attributes
                0x00000000000005b9       0x1e c:/st/stm32cubeide_1.8.0/stm32cubeide/plugins/com.st.stm32cube.ide.mcu.externaltools.gnu-tools-for-stm32.9-2020-q2-update.win32_2.0.0.202105311346/tools/bin/../lib/gcc/arm-none-eabi/9.3.1/thumb/v7e-m+fp/hard\libgcc.a(_aeabi_uldivmod.o)
 .ARM.attributes
                0x00000000000005d7       0x34 c:/st/stm32cubeide_1.8.0/stm32cubeide/plugins/com.st.stm32cube.ide.mcu.externaltools.gnu-tools-for-stm32.9-2020-q2-update.win32_2.0.0.202105311346/tools/bin/../lib/gcc/arm-none-eabi/9.3.1/thumb/v7e-m+fp/hard\libgcc.a(_udivmoddi4.o)
 .ARM.attributes
                0x000000000000060b       0x1e c:/st/stm32cubeide_1.8.0/stm32cubeide/plugins/com.st.stm32cube.ide.mcu.externaltools.gnu-tools-for-stm32.9-2020-q2-update.win32_2.0.0.202105311346/tools/bin/../lib/gcc/arm-none-eabi/9.3.1/thumb/v7e-m+fp/hard\libgcc.a(_dvmd_tls.o)
 .ARM.attributes
                0x0000000000000629       0x1e c:/st/stm32cubeide_1.8.0/stm32cubeide/plugins/com.st.stm32cube.ide.mcu.externaltools.gnu-tools-for-stm32.9-2020-q2-update.win32_2.0.0.202105311346/tools/bin/../lib/gcc/arm-none-eabi/9.3.1/thumb/v7e-m+fp/hard/crtn.o
OUTPUT(PRB.elf elf32-littlearm)
LOAD linker stubs
LOAD c:/st/stm32cubeide_1.8.0/stm32cubeide/plugins/com.st.stm32cube.ide.mcu.externaltools.gnu-tools-for-stm32.9-2020-q2-update.win32_2.0.0.202105311346/tools/bin/../lib/gcc/arm-none-eabi/9.3.1/../../../../arm-none-eabi/lib/thumb/v7e-m+fp/hard\libc.a
LOAD c:/st/stm32cubeide_1.8.0/stm32cubeide/plugins/com.st.stm32cube.ide.mcu.externaltools.gnu-tools-for-stm32.9-2020-q2-update.win32_2.0.0.202105311346/tools/bin/../lib/gcc/arm-none-eabi/9.3.1/../../../../arm-none-eabi/lib/thumb/v7e-m+fp/hard\libm.a
LOAD c:/st/stm32cubeide_1.8.0/stm32cubeide/plugins/com.st.stm32cube.ide.mcu.externaltools.gnu-tools-for-stm32.9-2020-q2-update.win32_2.0.0.202105311346/tools/bin/../lib/gcc/arm-none-eabi/9.3.1/thumb/v7e-m+fp/hard\libgcc.a

.debug_info     0x0000000000000000    0x12c8d
 .debug_info    0x0000000000000000      0xc14 ./Core/Src/freertos.o
 .debug_info    0x0000000000000c14     0x1857 ./Core/Src/main.o
 .debug_info    0x000000000000246b      0x5b9 ./Core/Src/stm32f4xx_hal_msp.o
 .debug_info    0x0000000000002a24      0xc6c ./Core/Src/stm32f4xx_hal_timebase_tim.o
 .debug_info    0x0000000000003690      0x7cb ./Core/Src/stm32f4xx_it.o
 .debug_info    0x0000000000003e5b      0x5a4 ./Core/Src/system_stm32f4xx.o
 .debug_info    0x00000000000043ff       0x22 ./Core/Startup/startup_stm32f407vgtx.o
 .debug_info    0x0000000000004421      0xfdc ./Core/ThreadSafe/newlib_lock_glue.o
 .debug_info    0x00000000000053fd      0x9b2 ./Drivers/STM32F4xx_HAL_Driver/Src/stm32f4xx_hal.o
 .debug_info    0x0000000000005daf      0xed7 ./Drivers/STM32F4xx_HAL_Driver/Src/stm32f4xx_hal_cortex.o
 .debug_info    0x0000000000006c86      0x83e ./Drivers/STM32F4xx_HAL_Driver/Src/stm32f4xx_hal_gpio.o
 .debug_info    0x00000000000074c4      0x996 ./Drivers/STM32F4xx_HAL_Driver/Src/stm32f4xx_hal_rcc.o
 .debug_info    0x0000000000007e5a     0x2c22 ./Drivers/STM32F4xx_HAL_Driver/Src/stm32f4xx_hal_tim.o
 .debug_info    0x000000000000aa7c     0x15a2 ./Drivers/STM32F4xx_HAL_Driver/Src/stm32f4xx_hal_tim_ex.o
 .debug_info    0x000000000000c01e     0x2048 ./Middlewares/Third_Party/FreeRTOS/Source/CMSIS_RTOS/cmsis_os.o
 .debug_info    0x000000000000e066      0xb82 ./Middlewares/Third_Party/FreeRTOS/Source/list.o
 .debug_info    0x000000000000ebe8     0x2591 ./Middlewares/Third_Party/FreeRTOS/Source/tasks.o
 .debug_info    0x0000000000011179      0xd8a ./Middlewares/Third_Party/FreeRTOS/Source/portable/GCC/ARM_CM4F/port.o
 .debug_info    0x0000000000011f03      0xd8a ./Middlewares/Third_Party/FreeRTOS/Source/portable/MemMang/heap_4.o

.debug_abbrev   0x0000000000000000     0x2afd
 .debug_abbrev  0x0000000000000000      0x1db ./Core/Src/freertos.o
 .debug_abbrev  0x00000000000001db      0x2a8 ./Core/Src/main.o
 .debug_abbrev  0x0000000000000483      0x126 ./Core/Src/stm32f4xx_hal_msp.o
 .debug_abbrev  0x00000000000005a9      0x1bf ./Core/Src/stm32f4xx_hal_timebase_tim.o
 .debug_abbrev  0x0000000000000768      0x176 ./Core/Src/stm32f4xx_it.o
 .debug_abbrev  0x00000000000008de      0x145 ./Core/Src/system_stm32f4xx.o
 .debug_abbrev  0x0000000000000a23       0x12 ./Core/Startup/startup_stm32f407vgtx.o
 .debug_abbrev  0x0000000000000a35      0x334 ./Core/ThreadSafe/newlib_lock_glue.o
 .debug_abbrev  0x0000000000000d69      0x1ed ./Drivers/STM32F4xx_HAL_Driver/Src/stm32f4xx_hal.o
 .debug_abbrev  0x0000000000000f56      0x33c ./Drivers/STM32F4xx_HAL_Driver/Src/stm32f4xx_hal_cortex.o
 .debug_abbrev  0x0000000000001292      0x1f1 ./Drivers/STM32F4xx_HAL_Driver/Src/stm32f4xx_hal_gpio.o
 .debug_abbrev  0x0000000000001483      0x275 ./Drivers/STM32F4xx_HAL_Driver/Src/stm32f4xx_hal_rcc.o
 .debug_abbrev  0x00000000000016f8      0x25e ./Drivers/STM32F4xx_HAL_Driver/Src/stm32f4xx_hal_tim.o
 .debug_abbrev  0x0000000000001956      0x266 ./Drivers/STM32F4xx_HAL_Driver/Src/stm32f4xx_hal_tim_ex.o
 .debug_abbrev  0x0000000000001bbc      0x3c2 ./Middlewares/Third_Party/FreeRTOS/Source/CMSIS_RTOS/cmsis_os.o
 .debug_abbrev  0x0000000000001f7e      0x1f7 ./Middlewares/Third_Party/FreeRTOS/Source/list.o
 .debug_abbrev  0x0000000000002175      0x380 ./Middlewares/Third_Party/FreeRTOS/Source/tasks.o
 .debug_abbrev  0x00000000000024f5      0x335 ./Middlewares/Third_Party/FreeRTOS/Source/portable/GCC/ARM_CM4F/port.o
 .debug_abbrev  0x000000000000282a      0x2d3 ./Middlewares/Third_Party/FreeRTOS/Source/portable/MemMang/heap_4.o

.debug_aranges  0x0000000000000000      0xec0
 .debug_aranges
                0x0000000000000000       0x20 ./Core/Src/freertos.o
 .debug_aranges
                0x0000000000000020       0x48 ./Core/Src/main.o
 .debug_aranges
                0x0000000000000068       0x20 ./Core/Src/stm32f4xx_hal_msp.o
 .debug_aranges
                0x0000000000000088       0x30 ./Core/Src/stm32f4xx_hal_timebase_tim.o
 .debug_aranges
                0x00000000000000b8       0x50 ./Core/Src/stm32f4xx_it.o
 .debug_aranges
                0x0000000000000108       0x28 ./Core/Src/system_stm32f4xx.o
 .debug_aranges
                0x0000000000000130       0x28 ./Core/Startup/startup_stm32f407vgtx.o
 .debug_aranges
                0x0000000000000158       0xa0 ./Core/ThreadSafe/newlib_lock_glue.o
 .debug_aranges
                0x00000000000001f8       0xf0 ./Drivers/STM32F4xx_HAL_Driver/Src/stm32f4xx_hal.o
 .debug_aranges
                0x00000000000002e8      0x118 ./Drivers/STM32F4xx_HAL_Driver/Src/stm32f4xx_hal_cortex.o
 .debug_aranges
                0x0000000000000400       0x58 ./Drivers/STM32F4xx_HAL_Driver/Src/stm32f4xx_hal_gpio.o
 .debug_aranges
                0x0000000000000458       0x88 ./Drivers/STM32F4xx_HAL_Driver/Src/stm32f4xx_hal_rcc.o
 .debug_aranges
                0x00000000000004e0      0x3d0 ./Drivers/STM32F4xx_HAL_Driver/Src/stm32f4xx_hal_tim.o
 .debug_aranges
                0x00000000000008b0      0x168 ./Drivers/STM32F4xx_HAL_Driver/Src/stm32f4xx_hal_tim_ex.o
 .debug_aranges
                0x0000000000000a18      0x1d8 ./Middlewares/Third_Party/FreeRTOS/Source/CMSIS_RTOS/cmsis_os.o
 .debug_aranges
                0x0000000000000bf0       0x40 ./Middlewares/Third_Party/FreeRTOS/Source/list.o
 .debug_aranges
                0x0000000000000c30      0x1b8 ./Middlewares/Third_Party/FreeRTOS/Source/tasks.o
 .debug_aranges
                0x0000000000000de8       0x80 ./Middlewares/Third_Party/FreeRTOS/Source/portable/GCC/ARM_CM4F/port.o
 .debug_aranges
                0x0000000000000e68       0x58 ./Middlewares/Third_Party/FreeRTOS/Source/portable/MemMang/heap_4.o

.debug_ranges   0x0000000000000000      0xd98
 .debug_ranges  0x0000000000000000       0x10 ./Core/Src/freertos.o
 .debug_ranges  0x0000000000000010       0x38 ./Core/Src/main.o
 .debug_ranges  0x0000000000000048       0x10 ./Core/Src/stm32f4xx_hal_msp.o
 .debug_ranges  0x0000000000000058       0x20 ./Core/Src/stm32f4xx_hal_timebase_tim.o
 .debug_ranges  0x0000000000000078       0x40 ./Core/Src/stm32f4xx_it.o
 .debug_ranges  0x00000000000000b8       0x18 ./Core/Src/system_stm32f4xx.o
 .debug_ranges  0x00000000000000d0       0x20 ./Core/Startup/startup_stm32f407vgtx.o
 .debug_ranges  0x00000000000000f0       0x90 ./Core/ThreadSafe/newlib_lock_glue.o
 .debug_ranges  0x0000000000000180       0xe0 ./Drivers/STM32F4xx_HAL_Driver/Src/stm32f4xx_hal.o
 .debug_ranges  0x0000000000000260      0x108 ./Drivers/STM32F4xx_HAL_Driver/Src/stm32f4xx_hal_cortex.o
 .debug_ranges  0x0000000000000368       0x48 ./Drivers/STM32F4xx_HAL_Driver/Src/stm32f4xx_hal_gpio.o
 .debug_ranges  0x00000000000003b0       0x78 ./Drivers/STM32F4xx_HAL_Driver/Src/stm32f4xx_hal_rcc.o
 .debug_ranges  0x0000000000000428      0x3c0 ./Drivers/STM32F4xx_HAL_Driver/Src/stm32f4xx_hal_tim.o
 .debug_ranges  0x00000000000007e8      0x158 ./Drivers/STM32F4xx_HAL_Driver/Src/stm32f4xx_hal_tim_ex.o
 .debug_ranges  0x0000000000000940      0x1c8 ./Middlewares/Third_Party/FreeRTOS/Source/CMSIS_RTOS/cmsis_os.o
 .debug_ranges  0x0000000000000b08       0x30 ./Middlewares/Third_Party/FreeRTOS/Source/list.o
 .debug_ranges  0x0000000000000b38      0x1a8 ./Middlewares/Third_Party/FreeRTOS/Source/tasks.o
 .debug_ranges  0x0000000000000ce0       0x70 ./Middlewares/Third_Party/FreeRTOS/Source/portable/GCC/ARM_CM4F/port.o
 .debug_ranges  0x0000000000000d50       0x48 ./Middlewares/Third_Party/FreeRTOS/Source/portable/MemMang/heap_4.o

.debug_macro    0x0000000000000000    0x22368
 .debug_macro   0x0000000000000000      0x2d3 ./Core/Src/freertos.o
 .debug_macro   0x00000000000002d3      0xaae ./Core/Src/freertos.o
 .debug_macro   0x0000000000000d81      0x174 ./Core/Src/freertos.o
 .debug_macro   0x0000000000000ef5       0x22 ./Core/Src/freertos.o
 .debug_macro   0x0000000000000f17       0x8e ./Core/Src/freertos.o
 .debug_macro   0x0000000000000fa5       0x51 ./Core/Src/freertos.o
 .debug_macro   0x0000000000000ff6      0x103 ./Core/Src/freertos.o
 .debug_macro   0x00000000000010f9       0x6a ./Core/Src/freertos.o
 .debug_macro   0x0000000000001163      0x1df ./Core/Src/freertos.o
 .debug_macro   0x0000000000001342       0xf1 ./Core/Src/freertos.o
 .debug_macro   0x0000000000001433      0x15a ./Core/Src/freertos.o
 .debug_macro   0x000000000000158d       0xde ./Core/Src/freertos.o
 .debug_macro   0x000000000000166b       0x1c ./Core/Src/freertos.o
 .debug_macro   0x0000000000001687       0x26 ./Core/Src/freertos.o
 .debug_macro   0x00000000000016ad       0x52 ./Core/Src/freertos.o
 .debug_macro   0x00000000000016ff       0x18 ./Core/Src/freertos.o
 .debug_macro   0x0000000000001717       0x3c ./Core/Src/freertos.o
 .debug_macro   0x0000000000001753       0x34 ./Core/Src/freertos.o
 .debug_macro   0x0000000000001787       0x16 ./Core/Src/freertos.o
 .debug_macro   0x000000000000179d       0x43 ./Core/Src/freertos.o
 .debug_macro   0x00000000000017e0       0x34 ./Core/Src/freertos.o
 .debug_macro   0x0000000000001814       0x10 ./Core/Src/freertos.o
 .debug_macro   0x0000000000001824       0x58 ./Core/Src/freertos.o
 .debug_macro   0x000000000000187c       0x71 ./Core/Src/freertos.o
 .debug_macro   0x00000000000018ed       0x1c ./Core/Src/freertos.o
 .debug_macro   0x0000000000001909      0x12a ./Core/Src/freertos.o
 .debug_macro   0x0000000000001a33       0x10 ./Core/Src/freertos.o
 .debug_macro   0x0000000000001a43       0x35 ./Core/Src/freertos.o
 .debug_macro   0x0000000000001a78      0x4fe ./Core/Src/freertos.o
 .debug_macro   0x0000000000001f76       0xb5 ./Core/Src/freertos.o
 .debug_macro   0x000000000000202b       0xaa ./Core/Src/freertos.o
 .debug_macro   0x00000000000020d5      0x295 ./Core/Src/freertos.o
 .debug_macro   0x000000000000236a       0x2e ./Core/Src/freertos.o
 .debug_macro   0x0000000000002398       0x2f ./Core/Src/freertos.o
 .debug_macro   0x00000000000023c7       0x1c ./Core/Src/freertos.o
 .debug_macro   0x00000000000023e3       0x22 ./Core/Src/freertos.o
 .debug_macro   0x0000000000002405       0xdf ./Core/Src/freertos.o
 .debug_macro   0x00000000000024e4     0x102d ./Core/Src/freertos.o
 .debug_macro   0x0000000000003511      0x11f ./Core/Src/freertos.o
 .debug_macro   0x0000000000003630    0x15e58 ./Core/Src/freertos.o
 .debug_macro   0x0000000000019488       0x6d ./Core/Src/freertos.o
 .debug_macro   0x00000000000194f5     0x3666 ./Core/Src/freertos.o
 .debug_macro   0x000000000001cb5b       0x5c ./Core/Src/freertos.o
 .debug_macro   0x000000000001cbb7      0x96b ./Core/Src/freertos.o
 .debug_macro   0x000000000001d522      0x9fe ./Core/Src/freertos.o
 .debug_macro   0x000000000001df20      0x116 ./Core/Src/freertos.o
 .debug_macro   0x000000000001e036      0x13e ./Core/Src/freertos.o
 .debug_macro   0x000000000001e174       0xa5 ./Core/Src/freertos.o
 .debug_macro   0x000000000001e219      0x174 ./Core/Src/freertos.o
 .debug_macro   0x000000000001e38d      0x287 ./Core/Src/freertos.o
 .debug_macro   0x000000000001e614       0x5f ./Core/Src/freertos.o
 .debug_macro   0x000000000001e673      0x236 ./Core/Src/freertos.o
 .debug_macro   0x000000000001e8a9      0x12c ./Core/Src/freertos.o
 .debug_macro   0x000000000001e9d5      0x21e ./Core/Src/freertos.o
 .debug_macro   0x000000000001ebf3       0x2e ./Core/Src/freertos.o
 .debug_macro   0x000000000001ec21      0x11a ./Core/Src/freertos.o
 .debug_macro   0x000000000001ed3b       0x7e ./Core/Src/freertos.o
 .debug_macro   0x000000000001edb9       0x89 ./Core/Src/freertos.o
 .debug_macro   0x000000000001ee42      0x8d1 ./Core/Src/freertos.o
 .debug_macro   0x000000000001f713       0x47 ./Core/Src/freertos.o
 .debug_macro   0x000000000001f75a      0x12d ./Core/Src/freertos.o
 .debug_macro   0x000000000001f887      0x31e ./Core/Src/main.o
 .debug_macro   0x000000000001fba5       0xf1 ./Core/Src/main.o
 .debug_macro   0x000000000001fc96       0x91 ./Core/Src/main.o
 .debug_macro   0x000000000001fd27       0x8d ./Core/Src/main.o
 .debug_macro   0x000000000001fdb4       0x7e ./Core/Src/main.o
 .debug_macro   0x000000000001fe32       0x19 ./Core/Src/main.o
 .debug_macro   0x000000000001fe4b       0xf2 ./Core/Src/main.o
 .debug_macro   0x000000000001ff3d      0x1ce ./Core/Src/stm32f4xx_hal_msp.o
 .debug_macro   0x000000000002010b      0x1c4 ./Core/Src/stm32f4xx_hal_timebase_tim.o
 .debug_macro   0x00000000000202cf      0x1d8 ./Core/Src/stm32f4xx_it.o
 .debug_macro   0x00000000000204a7      0x1c4 ./Core/Src/system_stm32f4xx.o
 .debug_macro   0x000000000002066b      0x202 ./Core/ThreadSafe/newlib_lock_glue.o
 .debug_macro   0x000000000002086d      0x118 ./Core/ThreadSafe/newlib_lock_glue.o
 .debug_macro   0x0000000000020985       0x22 ./Core/ThreadSafe/newlib_lock_glue.o
 .debug_macro   0x00000000000209a7       0x27 ./Core/ThreadSafe/newlib_lock_glue.o
 .debug_macro   0x00000000000209ce      0x333 ./Core/ThreadSafe/newlib_lock_glue.o
 .debug_macro   0x0000000000020d01      0x224 ./Drivers/STM32F4xx_HAL_Driver/Src/stm32f4xx_hal.o
 .debug_macro   0x0000000000020f25      0x1c4 ./Drivers/STM32F4xx_HAL_Driver/Src/stm32f4xx_hal_cortex.o
 .debug_macro   0x00000000000210e9      0x1ca ./Drivers/STM32F4xx_HAL_Driver/Src/stm32f4xx_hal_gpio.o
 .debug_macro   0x00000000000212b3      0x1e8 ./Drivers/STM32F4xx_HAL_Driver/Src/stm32f4xx_hal_rcc.o
 .debug_macro   0x000000000002149b      0x1c5 ./Drivers/STM32F4xx_HAL_Driver/Src/stm32f4xx_hal_tim.o
 .debug_macro   0x0000000000021660      0x1c4 ./Drivers/STM32F4xx_HAL_Driver/Src/stm32f4xx_hal_tim_ex.o
 .debug_macro   0x0000000000021824      0x210 ./Middlewares/Third_Party/FreeRTOS/Source/CMSIS_RTOS/cmsis_os.o
 .debug_macro   0x0000000000021a34       0x10 ./Middlewares/Third_Party/FreeRTOS/Source/CMSIS_RTOS/cmsis_os.o
 .debug_macro   0x0000000000021a44       0x20 ./Middlewares/Third_Party/FreeRTOS/Source/CMSIS_RTOS/cmsis_os.o
 .debug_macro   0x0000000000021a64       0x16 ./Middlewares/Third_Party/FreeRTOS/Source/CMSIS_RTOS/cmsis_os.o
 .debug_macro   0x0000000000021a7a       0xc7 ./Middlewares/Third_Party/FreeRTOS/Source/CMSIS_RTOS/cmsis_os.o
 .debug_macro   0x0000000000021b41      0x199 ./Middlewares/Third_Party/FreeRTOS/Source/list.o
 .debug_macro   0x0000000000021cda      0x28b ./Middlewares/Third_Party/FreeRTOS/Source/tasks.o
 .debug_macro   0x0000000000021f65       0x10 ./Middlewares/Third_Party/FreeRTOS/Source/tasks.o
 .debug_macro   0x0000000000021f75      0x233 ./Middlewares/Third_Party/FreeRTOS/Source/portable/GCC/ARM_CM4F/port.o
 .debug_macro   0x00000000000221a8      0x1c0 ./Middlewares/Third_Party/FreeRTOS/Source/portable/MemMang/heap_4.o

.debug_line     0x0000000000000000     0xfc53
 .debug_line    0x0000000000000000      0x8db ./Core/Src/freertos.o
 .debug_line    0x00000000000008db      0xa3b ./Core/Src/main.o
 .debug_line    0x0000000000001316      0x6af ./Core/Src/stm32f4xx_hal_msp.o
 .debug_line    0x00000000000019c5      0x70e ./Core/Src/stm32f4xx_hal_timebase_tim.o
 .debug_line    0x00000000000020d3      0x74b ./Core/Src/stm32f4xx_it.o
 .debug_line    0x000000000000281e      0x730 ./Core/Src/system_stm32f4xx.o
 .debug_line    0x0000000000002f4e       0x88 ./Core/Startup/startup_stm32f407vgtx.o
 .debug_line    0x0000000000002fd6      0xa1a ./Core/ThreadSafe/newlib_lock_glue.o
 .debug_line    0x00000000000039f0      0x996 ./Drivers/STM32F4xx_HAL_Driver/Src/stm32f4xx_hal.o
 .debug_line    0x0000000000004386      0xc45 ./Drivers/STM32F4xx_HAL_Driver/Src/stm32f4xx_hal_cortex.o
 .debug_line    0x0000000000004fcb      0xb0c ./Drivers/STM32F4xx_HAL_Driver/Src/stm32f4xx_hal_gpio.o
 .debug_line    0x0000000000005ad7      0xd10 ./Drivers/STM32F4xx_HAL_Driver/Src/stm32f4xx_hal_rcc.o
 .debug_line    0x00000000000067e7     0x368a ./Drivers/STM32F4xx_HAL_Driver/Src/stm32f4xx_hal_tim.o
 .debug_line    0x0000000000009e71     0x1993 ./Drivers/STM32F4xx_HAL_Driver/Src/stm32f4xx_hal_tim_ex.o
 .debug_line    0x000000000000b804     0x11cf ./Middlewares/Third_Party/FreeRTOS/Source/CMSIS_RTOS/cmsis_os.o
 .debug_line    0x000000000000c9d3      0x716 ./Middlewares/Third_Party/FreeRTOS/Source/list.o
 .debug_line    0x000000000000d0e9     0x194d ./Middlewares/Third_Party/FreeRTOS/Source/tasks.o
 .debug_line    0x000000000000ea36      0x8dd ./Middlewares/Third_Party/FreeRTOS/Source/portable/GCC/ARM_CM4F/port.o
 .debug_line    0x000000000000f313      0x940 ./Middlewares/Third_Party/FreeRTOS/Source/portable/MemMang/heap_4.o

.debug_str      0x0000000000000000    0xd199a
 .debug_str     0x0000000000000000    0xc7212 ./Core/Src/freertos.o
                                      0xc7561 (size before relaxing)
 .debug_str     0x00000000000c7212     0x2aba ./Core/Src/main.o
                                      0xca03c (size before relaxing)
 .debug_str     0x00000000000c9ccc      0x4fd ./Core/Src/stm32f4xx_hal_msp.o
                                      0xc1e74 (size before relaxing)
 .debug_str     0x00000000000ca1c9       0xaa ./Core/Src/stm32f4xx_hal_timebase_tim.o
                                      0xc2485 (size before relaxing)
 .debug_str     0x00000000000ca273       0xab ./Core/Src/stm32f4xx_it.o
                                      0xc1e29 (size before relaxing)
 .debug_str     0x00000000000ca31e       0xaf ./Core/Src/system_stm32f4xx.o
                                      0xc19f8 (size before relaxing)
 .debug_str     0x00000000000ca3cd       0x36 ./Core/Startup/startup_stm32f407vgtx.o
                                         0x6e (size before relaxing)
 .debug_str     0x00000000000ca403     0x2dcf ./Core/ThreadSafe/newlib_lock_glue.o
                                       0xd34e (size before relaxing)
 .debug_str     0x00000000000cd1d2      0x542 ./Drivers/STM32F4xx_HAL_Driver/Src/stm32f4xx_hal.o
                                      0xc24da (size before relaxing)
 .debug_str     0x00000000000cd714      0x389 ./Drivers/STM32F4xx_HAL_Driver/Src/stm32f4xx_hal_cortex.o
                                      0xc22c9 (size before relaxing)
 .debug_str     0x00000000000cda9d      0x17b ./Drivers/STM32F4xx_HAL_Driver/Src/stm32f4xx_hal_gpio.o
                                      0xc1b9f (size before relaxing)
 .debug_str     0x00000000000cdc18      0x24f ./Drivers/STM32F4xx_HAL_Driver/Src/stm32f4xx_hal_rcc.o
                                      0xc1dfa (size before relaxing)
 .debug_str     0x00000000000cde67      0xe4d ./Drivers/STM32F4xx_HAL_Driver/Src/stm32f4xx_hal_tim.o
                                      0xc2d27 (size before relaxing)
 .debug_str     0x00000000000cecb4      0x538 ./Drivers/STM32F4xx_HAL_Driver/Src/stm32f4xx_hal_tim_ex.o
                                      0xc24d8 (size before relaxing)
 .debug_str     0x00000000000cf1ec      0x8ea ./Middlewares/Third_Party/FreeRTOS/Source/CMSIS_RTOS/cmsis_os.o
                                       0xe575 (size before relaxing)
 .debug_str     0x00000000000cfad6      0x12d ./Middlewares/Third_Party/FreeRTOS/Source/list.o
                                       0xab9a (size before relaxing)
 .debug_str     0x00000000000cfc03     0x1250 ./Middlewares/Third_Party/FreeRTOS/Source/tasks.o
                                       0xce1b (size before relaxing)
 .debug_str     0x00000000000d0e53      0x803 ./Middlewares/Third_Party/FreeRTOS/Source/portable/GCC/ARM_CM4F/port.o
                                       0xa48a (size before relaxing)
 .debug_str     0x00000000000d1656      0x344 ./Middlewares/Third_Party/FreeRTOS/Source/portable/MemMang/heap_4.o
                                       0xb48d (size before relaxing)

.comment        0x0000000000000000       0x53
 .comment       0x0000000000000000       0x53 ./Core/Src/freertos.o
                                         0x54 (size before relaxing)
 .comment       0x0000000000000053       0x54 ./Core/Src/main.o
 .comment       0x0000000000000053       0x54 ./Core/Src/stm32f4xx_hal_msp.o
 .comment       0x0000000000000053       0x54 ./Core/Src/stm32f4xx_hal_timebase_tim.o
 .comment       0x0000000000000053       0x54 ./Core/Src/stm32f4xx_it.o
 .comment       0x0000000000000053       0x54 ./Core/Src/system_stm32f4xx.o
 .comment       0x0000000000000053       0x54 ./Core/ThreadSafe/newlib_lock_glue.o
 .comment       0x0000000000000053       0x54 ./Drivers/STM32F4xx_HAL_Driver/Src/stm32f4xx_hal.o
 .comment       0x0000000000000053       0x54 ./Drivers/STM32F4xx_HAL_Driver/Src/stm32f4xx_hal_cortex.o
 .comment       0x0000000000000053       0x54 ./Drivers/STM32F4xx_HAL_Driver/Src/stm32f4xx_hal_gpio.o
 .comment       0x0000000000000053       0x54 ./Drivers/STM32F4xx_HAL_Driver/Src/stm32f4xx_hal_rcc.o
 .comment       0x0000000000000053       0x54 ./Drivers/STM32F4xx_HAL_Driver/Src/stm32f4xx_hal_tim.o
 .comment       0x0000000000000053       0x54 ./Drivers/STM32F4xx_HAL_Driver/Src/stm32f4xx_hal_tim_ex.o
 .comment       0x0000000000000053       0x54 ./Middlewares/Third_Party/FreeRTOS/Source/CMSIS_RTOS/cmsis_os.o
 .comment       0x0000000000000053       0x54 ./Middlewares/Third_Party/FreeRTOS/Source/list.o
 .comment       0x0000000000000053       0x54 ./Middlewares/Third_Party/FreeRTOS/Source/tasks.o
 .comment       0x0000000000000053       0x54 ./Middlewares/Third_Party/FreeRTOS/Source/portable/GCC/ARM_CM4F/port.o
 .comment       0x0000000000000053       0x54 ./Middlewares/Third_Party/FreeRTOS/Source/portable/MemMang/heap_4.o

.debug_frame    0x0000000000000000     0x3e9c
 .debug_frame   0x0000000000000000       0x38 ./Core/Src/freertos.o
 .debug_frame   0x0000000000000038       0xd8 ./Core/Src/main.o
 .debug_frame   0x0000000000000110       0x34 ./Core/Src/stm32f4xx_hal_msp.o
 .debug_frame   0x0000000000000144       0x74 ./Core/Src/stm32f4xx_hal_timebase_tim.o
 .debug_frame   0x00000000000001b8       0xc4 ./Core/Src/stm32f4xx_it.o
 .debug_frame   0x000000000000027c       0x58 ./Core/Src/system_stm32f4xx.o
 .debug_frame   0x00000000000002d4      0x268 ./Core/ThreadSafe/newlib_lock_glue.o
 .debug_frame   0x000000000000053c      0x374 ./Drivers/STM32F4xx_HAL_Driver/Src/stm32f4xx_hal.o
 .debug_frame   0x00000000000008b0      0x498 ./Drivers/STM32F4xx_HAL_Driver/Src/stm32f4xx_hal_cortex.o
 .debug_frame   0x0000000000000d48      0x14c ./Drivers/STM32F4xx_HAL_Driver/Src/stm32f4xx_hal_gpio.o
 .debug_frame   0x0000000000000e94      0x1ec ./Drivers/STM32F4xx_HAL_Driver/Src/stm32f4xx_hal_rcc.o
 .debug_frame   0x0000000000001080     0x11c4 ./Drivers/STM32F4xx_HAL_Driver/Src/stm32f4xx_hal_tim.o
 .debug_frame   0x0000000000002244      0x638 ./Drivers/STM32F4xx_HAL_Driver/Src/stm32f4xx_hal_tim_ex.o
 .debug_frame   0x000000000000287c      0x80c ./Middlewares/Third_Party/FreeRTOS/Source/CMSIS_RTOS/cmsis_os.o
 .debug_frame   0x0000000000003088       0xd8 ./Middlewares/Third_Party/FreeRTOS/Source/list.o
 .debug_frame   0x0000000000003160      0x77c ./Middlewares/Third_Party/FreeRTOS/Source/tasks.o
 .debug_frame   0x00000000000038dc      0x1a8 ./Middlewares/Third_Party/FreeRTOS/Source/portable/GCC/ARM_CM4F/port.o
 .debug_frame   0x0000000000003a84      0x12c ./Middlewares/Third_Party/FreeRTOS/Source/portable/MemMang/heap_4.o
 .debug_frame   0x0000000000003bb0      0x14c c:/st/stm32cubeide_1.8.0/stm32cubeide/plugins/com.st.stm32cube.ide.mcu.externaltools.gnu-tools-for-stm32.9-2020-q2-update.win32_2.0.0.202105311346/tools/bin/../lib/gcc/arm-none-eabi/9.3.1/../../../../arm-none-eabi/lib/thumb/v7e-m+fp/hard\libc_nano.a(lib_a-findfp.o)
 .debug_frame   0x0000000000003cfc       0x2c c:/st/stm32cubeide_1.8.0/stm32cubeide/plugins/com.st.stm32cube.ide.mcu.externaltools.gnu-tools-for-stm32.9-2020-q2-update.win32_2.0.0.202105311346/tools/bin/../lib/gcc/arm-none-eabi/9.3.1/../../../../arm-none-eabi/lib/thumb/v7e-m+fp/hard\libc_nano.a(lib_a-init.o)
 .debug_frame   0x0000000000003d28       0x20 c:/st/stm32cubeide_1.8.0/stm32cubeide/plugins/com.st.stm32cube.ide.mcu.externaltools.gnu-tools-for-stm32.9-2020-q2-update.win32_2.0.0.202105311346/tools/bin/../lib/gcc/arm-none-eabi/9.3.1/../../../../arm-none-eabi/lib/thumb/v7e-m+fp/hard\libc_nano.a(lib_a-memset.o)
 .debug_frame   0x0000000000003d48       0x38 c:/st/stm32cubeide_1.8.0/stm32cubeide/plugins/com.st.stm32cube.ide.mcu.externaltools.gnu-tools-for-stm32.9-2020-q2-update.win32_2.0.0.202105311346/tools/bin/../lib/gcc/arm-none-eabi/9.3.1/../../../../arm-none-eabi/lib/thumb/v7e-m+fp/hard\libc_nano.a(lib_a-nano-freer.o)
 .debug_frame   0x0000000000003d80       0x30 c:/st/stm32cubeide_1.8.0/stm32cubeide/plugins/com.st.stm32cube.ide.mcu.externaltools.gnu-tools-for-stm32.9-2020-q2-update.win32_2.0.0.202105311346/tools/bin/../lib/gcc/arm-none-eabi/9.3.1/../../../../arm-none-eabi/lib/thumb/v7e-m+fp/hard\libc_nano.a(lib_a-nano-mallocr.o)
 .debug_frame   0x0000000000003db0       0x5c c:/st/stm32cubeide_1.8.0/stm32cubeide/plugins/com.st.stm32cube.ide.mcu.externaltools.gnu-tools-for-stm32.9-2020-q2-update.win32_2.0.0.202105311346/tools/bin/../lib/gcc/arm-none-eabi/9.3.1/../../../../arm-none-eabi/lib/thumb/v7e-m+fp/hard\libc_nano.a(lib_a-reent.o)
 .debug_frame   0x0000000000003e0c       0x30 c:/st/stm32cubeide_1.8.0/stm32cubeide/plugins/com.st.stm32cube.ide.mcu.externaltools.gnu-tools-for-stm32.9-2020-q2-update.win32_2.0.0.202105311346/tools/bin/../lib/gcc/arm-none-eabi/9.3.1/../../../../arm-none-eabi/lib/thumb/v7e-m+fp/hard\libc_nano.a(lib_a-mlock.o)
 .debug_frame   0x0000000000003e3c       0x2c c:/st/stm32cubeide_1.8.0/stm32cubeide/plugins/com.st.stm32cube.ide.mcu.externaltools.gnu-tools-for-stm32.9-2020-q2-update.win32_2.0.0.202105311346/tools/bin/../lib/gcc/arm-none-eabi/9.3.1/thumb/v7e-m+fp/hard\libgcc.a(_aeabi_uldivmod.o)
 .debug_frame   0x0000000000003e68       0x34 c:/st/stm32cubeide_1.8.0/stm32cubeide/plugins/com.st.stm32cube.ide.mcu.externaltools.gnu-tools-for-stm32.9-2020-q2-update.win32_2.0.0.202105311346/tools/bin/../lib/gcc/arm-none-eabi/9.3.1/thumb/v7e-m+fp/hard\libgcc.a(_udivmoddi4.o)
