keyboard_action.c:411:5:OnKeyPress	32	static
keyboard_action.c:518:16:OnEnterPressAction	24	static
keyboard_action.c:595:13:Clear	16	static
keyboard_action.c:604:16:ShowMainDisplay	176	static
keyboard_action.c:670:16:OnDownPressKey	16	static
keyboard_action.c:692:16:OnLeftPressKey	24	static
keyboard_action.c:723:16:OnRightPressKey	24	static
keyboard_action.c:752:16:OnUpPressKey	16	static
keyboard_action.c:776:16:OnF1PressKey	8	static
keyboard_action.c:783:16:OnF2PressKey	8	static
keyboard_action.c:796:16:OnF3PressKey	8	static
keyboard_action.c:809:16:OnF4PressKey	8	static
keyboard_action.c:818:16:OnEscPressKey	8	static
keyboard_action.c:836:13:ShowParameter	88	static
keyboard_action.c:906:12:Min	16	static
keyboard_action.c:911:16:ShowErrors	24	static
keyboard_action.c:926:16:GetAllErrors	4	static
keyboard_action.c:1006:20:FindDictionaryFromValue	32	static
keyboard_action.c:1018:12:FindIndexFromValue	32	static
keyboard_action.c:1031:9:LcdUpdate	24	static
keyboard_action.c:1055:13:Print	40	static
keyboard_action.c:1088:13:AcceptEdit	24	static
keyboard_action.c:1139:12:ShiftCursor	24	static
keyboard_action.c:1165:16:OnNumberPressKey	24	static
keyboard_action.c:1184:16:OnDeletePressKey	16	static
keyboard_action.c:1205:16:OnDecPressKey	16	static
keyboard_action.c:1225:13:ParseEthernetAddress	32	static
keyboard_action.c:1237:16:IsNumber	16	static
keyboard_action.c:1242:13:DecIncSymbol	16	static
keyboard_action.c:1255:13:GetEditedValue	32	static
