keyboard_action.c:384:5:OnKeyPress	32	static
keyboard_action.c:491:16:OnEnterPressAction	24	static
keyboard_action.c:568:13:Clear	16	static
keyboard_action.c:577:16:ShowMainDisplay	176	static
keyboard_action.c:640:16:OnDownPressKey	16	static
keyboard_action.c:662:16:OnLeftPressKey	24	static
keyboard_action.c:693:16:OnRightPressKey	24	static
keyboard_action.c:722:16:OnUpPressKey	16	static
keyboard_action.c:746:16:OnF1PressKey	8	static
keyboard_action.c:753:16:OnF2PressKey	8	static
keyboard_action.c:766:16:OnF3PressKey	8	static
keyboard_action.c:779:16:OnF4PressKey	8	static
keyboard_action.c:788:16:OnEscPressKey	8	static
keyboard_action.c:806:13:ShowParameter	88	static
keyboard_action.c:876:12:Min	16	static
keyboard_action.c:881:16:ShowErrors	24	static
keyboard_action.c:896:16:GetAllErrors	4	static
keyboard_action.c:976:20:FindDictionaryFromValue	32	static
keyboard_action.c:988:12:FindIndexFromValue	32	static
keyboard_action.c:1001:9:LcdUpdate	24	static
keyboard_action.c:1025:13:Print	40	static
keyboard_action.c:1058:13:AcceptEdit	24	static
keyboard_action.c:1109:12:ShiftCursor	24	static
keyboard_action.c:1135:16:OnNumberPressKey	24	static
keyboard_action.c:1154:16:OnDeletePressKey	16	static
keyboard_action.c:1175:16:OnDecPressKey	16	static
keyboard_action.c:1195:13:ParseEthernetAddress	32	static
keyboard_action.c:1207:16:IsNumber	16	static
keyboard_action.c:1212:13:DecIncSymbol	16	static
keyboard_action.c:1225:13:GetEditedValue	32	static
