keyboard_action.c:265:5:OnKeyPress	32	static
keyboard_action.c:372:12:get_answer	24	static
keyboard_action.c:378:16:OnEnterPressAction	32	static
keyboard_action.c:457:13:Clear	16	static
keyboard_action.c:466:16:ShowMainDisplay	8	static
keyboard_action.c:501:16:OnDownPressKey	8	static
keyboard_action.c:516:16:OnLeftPressKey	24	static
keyboard_action.c:539:16:OnRightPressKey	24	static
keyboard_action.c:562:16:OnUpPressKey	8	static
keyboard_action.c:579:16:OnF1PressKey	8	static
keyboard_action.c:586:16:OnF2PressKey	8	static
keyboard_action.c:599:16:OnF3PressKey	8	static
keyboard_action.c:612:16:OnF4PressKey	8	static
keyboard_action.c:621:16:OnEscPressKey	8	static
keyboard_action.c:640:13:ShowParameter	32	static
keyboard_action.c:701:12:Min	16	static
keyboard_action.c:706:16:ShowErrors	16	static
keyboard_action.c:719:16:GetAllErrors	4	static
keyboard_action.c:781:20:FindDictionaryFromValue	32	static
keyboard_action.c:793:12:FindIndexFromValue	32	static
keyboard_action.c:806:6:LcdUpdate	4	static
keyboard_action.c:811:13:Print	40	static
keyboard_action.c:841:13:AcceptEdit	16	static
