../Core/Src/keyboard_action.c:250:5:OnKeyPress	32	static
../Core/Src/keyboard_action.c:357:12:get_answer	24	static
../Core/Src/keyboard_action.c:363:16:OnEnterPressAction	16	static
../Core/Src/keyboard_action.c:402:13:Clear	16	static
../Core/Src/keyboard_action.c:411:16:ShowMainDisplay	8	static
../Core/Src/keyboard_action.c:446:16:OnDownPressKey	8	static
../Core/Src/keyboard_action.c:461:16:OnUpPressKey	8	static
../Core/Src/keyboard_action.c:478:16:OnF1PressKey	8	static
../Core/Src/keyboard_action.c:485:16:OnF2PressKey	8	static
../Core/Src/keyboard_action.c:498:16:OnF3PressKey	8	static
../Core/Src/keyboard_action.c:511:16:OnF4PressKey	8	static
../Core/Src/keyboard_action.c:520:16:OnEscPressKey	8	static
../Core/Src/keyboard_action.c:539:13:ShowParameter	32	static
../Core/Src/keyboard_action.c:592:12:Min	16	static
../Core/Src/keyboard_action.c:597:16:ShowErrors	16	static
../Core/Src/keyboard_action.c:610:16:GetAllErrors	4	static
../Core/Src/keyboard_action.c:672:20:FindDictionaryFromValue	32	static
../Core/Src/keyboard_action.c:685:6:LcdUpdate	4	static
../Core/Src/keyboard_action.c:690:13:Print	40	static
