keyboard_action.c:416:5:OnKeyPress	32	static
keyboard_action.c:523:16:OnEnterPressAction	24	static
keyboard_action.c:600:13:Clear	16	static
keyboard_action.c:609:16:ShowMainDisplay	176	static
keyboard_action.c:675:16:OnDownPressKey	16	static
keyboard_action.c:697:16:OnLeftPressKey	24	static
keyboard_action.c:728:16:OnRightPressKey	24	static
keyboard_action.c:757:16:OnUpPressKey	16	static
keyboard_action.c:781:16:OnF1PressKey	8	static
keyboard_action.c:788:16:OnF2PressKey	8	static
keyboard_action.c:801:16:OnF3PressKey	8	static
keyboard_action.c:814:16:OnF4PressKey	8	static
keyboard_action.c:823:16:OnEscPressKey	8	static
keyboard_action.c:841:13:ShowParameter	88	static
keyboard_action.c:911:12:Min	16	static
keyboard_action.c:916:16:ShowErrors	24	static
keyboard_action.c:931:16:GetAllErrors	4	static
keyboard_action.c:1016:20:FindDictionaryFromValue	32	static
keyboard_action.c:1028:12:FindIndexFromValue	32	static
keyboard_action.c:1041:9:LcdUpdate	24	static
keyboard_action.c:1065:13:Print	40	static
keyboard_action.c:1098:13:AcceptEdit	24	static
keyboard_action.c:1149:12:ShiftCursor	24	static
keyboard_action.c:1175:16:OnNumberPressKey	24	static
keyboard_action.c:1194:16:OnDeletePressKey	16	static
keyboard_action.c:1215:16:OnDecPressKey	16	static
keyboard_action.c:1235:13:ParseEthernetAddress	32	static
keyboard_action.c:1247:16:IsNumber	16	static
keyboard_action.c:1252:13:DecIncSymbol	16	static
keyboard_action.c:1265:13:GetEditedValue	32	static
