keyboard_action.c:269:5:OnKeyPress	32	static
keyboard_action.c:376:12:get_answer	24	static
keyboard_action.c:382:16:OnEnterPressAction	32	static
keyboard_action.c:461:13:Clear	16	static
keyboard_action.c:470:16:ShowMainDisplay	8	static
keyboard_action.c:505:16:OnDownPressKey	8	static
keyboard_action.c:520:16:OnLeftPressKey	24	static
keyboard_action.c:551:16:OnRightPressKey	24	static
keyboard_action.c:580:16:OnUpPressKey	8	static
keyboard_action.c:597:16:OnF1PressKey	8	static
keyboard_action.c:604:16:OnF2PressKey	8	static
keyboard_action.c:617:16:OnF3PressKey	8	static
keyboard_action.c:630:16:OnF4PressKey	8	static
keyboard_action.c:639:16:OnEscPressKey	8	static
keyboard_action.c:658:13:ShowParameter	32	static
keyboard_action.c:719:12:Min	16	static
keyboard_action.c:724:16:ShowErrors	16	static
keyboard_action.c:737:16:GetAllErrors	4	static
keyboard_action.c:799:20:FindDictionaryFromValue	32	static
keyboard_action.c:811:12:FindIndexFromValue	32	static
keyboard_action.c:824:9:LcdUpdate	24	static
keyboard_action.c:848:13:Print	40	static
keyboard_action.c:878:13:AcceptEdit	16	static
keyboard_action.c:906:12:ShiftCursor	24	static
keyboard_action.c:932:16:OnNumberPressKey	24	static
keyboard_action.c:953:16:OnDeletePressKey	16	static
keyboard_action.c:973:16:OnDecPressKey	16	static
