keyboard_action.c:342:5:OnKeyPress	32	static
keyboard_action.c:449:16:OnEnterPressAction	24	static
keyboard_action.c:526:13:Clear	16	static
keyboard_action.c:535:16:ShowMainDisplay	176	static
keyboard_action.c:598:16:OnDownPressKey	16	static
keyboard_action.c:620:16:OnLeftPressKey	24	static
keyboard_action.c:651:16:OnRightPressKey	24	static
keyboard_action.c:680:16:OnUpPressKey	16	static
keyboard_action.c:704:16:OnF1PressKey	8	static
keyboard_action.c:711:16:OnF2PressKey	8	static
keyboard_action.c:724:16:OnF3PressKey	8	static
keyboard_action.c:737:16:OnF4PressKey	8	static
keyboard_action.c:746:16:OnEscPressKey	8	static
keyboard_action.c:764:13:ShowParameter	88	static
keyboard_action.c:834:12:Min	16	static
keyboard_action.c:839:16:ShowErrors	24	static
keyboard_action.c:854:16:GetAllErrors	4	static
keyboard_action.c:922:20:FindDictionaryFromValue	32	static
keyboard_action.c:934:12:FindIndexFromValue	32	static
keyboard_action.c:947:9:LcdUpdate	24	static
keyboard_action.c:971:13:Print	40	static
keyboard_action.c:1004:13:AcceptEdit	24	static
keyboard_action.c:1055:12:ShiftCursor	24	static
keyboard_action.c:1081:16:OnNumberPressKey	24	static
keyboard_action.c:1100:16:OnDeletePressKey	16	static
keyboard_action.c:1121:16:OnDecPressKey	16	static
keyboard_action.c:1141:13:ParseEthernetAddress	32	static
keyboard_action.c:1153:16:IsNumber	16	static
keyboard_action.c:1158:13:DecIncSymbol	16	static
keyboard_action.c:1171:13:GetEditedValue	32	static
