main.c:97:5:main	56	static
main.c:189:6:SystemClock_Config	88	static
main.c:234:13:MX_ADC1_Init	24	static
main.c:324:13:MX_SPI3_Init	8	static
main.c:362:13:MX_TIM3_Init	32	static
main.c:407:13:MX_TIM4_Init	32	static
main.c:452:13:MX_USART1_UART_Init	8	static
main.c:485:13:MX_USART6_UART_Init	8	static
main.c:516:13:MX_DMA_Init	16	static
main.c:540:13:MX_GPIO_Init	56	static
main.c:669:6:StartDefaultTask	16	static
main.c:694:6:HAL_TIM_PeriodElapsedCallback	16	static
main.c:711:6:Error_Handler	4	static,ignoring_inline_asm
