main.c:97:5:main	56	static
main.c:187:6:SystemClock_Config	88	static
main.c:232:13:MX_ADC1_Init	24	static
main.c:322:13:MX_SPI3_Init	8	static
main.c:360:13:MX_TIM3_Init	32	static
main.c:405:13:MX_TIM4_Init	32	static
main.c:450:13:MX_USART1_UART_Init	8	static
main.c:483:13:MX_USART6_UART_Init	8	static
main.c:514:13:MX_DMA_Init	16	static
main.c:538:13:MX_GPIO_Init	56	static
main.c:667:6:StartDefaultTask	24	static
main.c:693:6:HAL_TIM_PeriodElapsedCallback	16	static
main.c:710:6:Error_Handler	4	static,ignoring_inline_asm
