probotbornik.c:61:6:probotbor_process	8	static
probotbornik.c:85:13:GetErrors	4	static
probotbornik.c:128:16:Init_timers	8	static
probotbornik.c:141:13:SetTimers	4	static
probotbornik.c:161:13:LocalRemoteControl	4	static
probotbornik.c:183:13:Moving	8	static
probotbornik.c:235:16:CheckCommonError	16	static
probotbornik.c:243:16:CheckCriticalError	16	static
probotbornik.c:256:13:StopCycles	4	static
probotbornik.c:262:13:OnCommandCycle	8	static
probotbornik.c:303:13:Indication	4	static
probotbornik.c:312:13:GetPositiveFronts	4	static
probotbornik.c:325:13:NakopitelCheck	4	static
probotbornik.c:342:13:GetClientInfo	8	static
