probotbornik.c:57:6:probotbor_process	8	static
probotbornik.c:81:13:GetErrors	4	static
probotbornik.c:124:16:Init_timers	8	static
probotbornik.c:136:13:SetTimers	4	static
probotbornik.c:153:13:LocalRemoteControl	4	static
probotbornik.c:175:13:Moving	8	static
probotbornik.c:227:16:CheckCommonError	16	static
probotbornik.c:235:16:CheckCriticalError	16	static
probotbornik.c:248:13:StopCycles	4	static
probotbornik.c:254:13:OnCommandCycle	8	static
probotbornik.c:295:13:Indication	4	static
probotbornik.c:304:13:GetPositiveFronts	4	static
probotbornik.c:317:13:NakopitelCheck	4	static
probotbornik.c:325:13:GetClientInfo	8	static
