../Core/Src/stm32f4xx_it.c:78:6:NMI_Handler	4	static
../Core/Src/stm32f4xx_it.c:93:6:HardFault_Handler	4	static
../Core/Src/stm32f4xx_it.c:108:6:MemManage_Handler	4	static
../Core/Src/stm32f4xx_it.c:123:6:BusFault_Handler	4	static
../Core/Src/stm32f4xx_it.c:138:6:UsageFault_Handler	4	static
../Core/Src/stm32f4xx_it.c:153:6:DebugMon_Handler	4	static
../Core/Src/stm32f4xx_it.c:173:6:TIM1_UP_TIM10_IRQHandler	8	static
../Core/Src/stm32f4xx_it.c:187:6:TIM4_IRQHandler	8	static
../Core/Src/stm32f4xx_it.c:201:6:USART1_IRQHandler	8	static
../Core/Src/stm32f4xx_it.c:215:6:DMA2_Stream0_IRQHandler	8	static
../Core/Src/stm32f4xx_it.c:229:6:DMA2_Stream1_IRQHandler	8	static
../Core/Src/stm32f4xx_it.c:243:6:DMA2_Stream2_IRQHandler	8	static
../Core/Src/stm32f4xx_it.c:257:6:ETH_IRQHandler	8	static
../Core/Src/stm32f4xx_it.c:271:6:USART6_IRQHandler	8	static
